2026-09-11T02:15:03.535Z | session_start tag=ctrl-native-baseline-2 import=[]
2026-09-11T02:15:03.563Z | libcount[prelaunch]=5
2026-09-11T02:15:03.568Z | libfile[prelaunch]=<CI_ROOT_WIN>\native\libs\lib01\iTunes Library Extras.itdb|16384|B5FABF3EE775F170EF9AFE44C0B2951A523BA0A3EBFBC1BE8A185DDA2E99CA4A|2026-09-11T02:08:24.6278351Z
2026-09-11T02:15:03.569Z | libfile[prelaunch]=<CI_ROOT_WIN>\native\libs\lib01\iTunes Library Genius.itdb|32768|7E44D70D8161177724EFD1844038622DBEF1228EBA1E1487AE732A740FA93A06|2026-09-11T00:45:44.8693723Z
2026-09-11T02:15:03.570Z | libfile[prelaunch]=<CI_ROOT_WIN>\native\libs\lib01\iTunes Library.itl|4524|19D088455F692CC86F3D4F70C5FC74FD039D1EFCA0CE22F80F25547B8B876DCB|2026-09-11T00:54:11.9254727Z
2026-09-11T02:15:03.571Z | libfile[prelaunch]=<CI_ROOT_WIN>\native\libs\lib01\sentinel|8|99D6BAFF24C0C641B9AC9B9BEEE1057F0B0E45AE009CC44F52C46121FD3019F1|2026-09-11T02:08:28.3654492Z
2026-09-11T02:15:03.572Z | libfile[prelaunch]=<CI_ROOT_WIN>\native\libs\lib01\iTunes Media\.iTunes Preferences.plist|305|C1F829DC83DC4614EEE329805EE1B5E68F8079C75456308F2D8DB51496E04E30|2026-09-11T00:45:44.8734401Z
2026-09-11T02:15:03.574Z | itl_prelaunch=4524|19D088455F692CC86F3D4F70C5FC74FD039D1EFCA0CE22F80F25547B8B876DCB
2026-09-11T02:15:03.611Z | launched_pid=7852
2026-09-11T02:15:04.358Z | window hwnd=983574 class=[iTunesCustomModalDialog] title=[iTunes]
2026-09-11T02:15:04.630Z | clicked_ok_audio text=[iTunes has detected a problem with your audio configuration. / Audio/Video playback may not operate properly.]
2026-09-11T02:15:08.072Z | window hwnd=1180140 class=[iTunes] title=[iTunes]
2026-09-11T02:15:08.073Z | sla_dialog_seen=False
2026-09-11T02:15:08.074Z | audio_dialog_seen=True
2026-09-11T02:15:08.074Z | main_window_ready=True
2026-09-11T02:15:08.079Z | com_create=ok attempt=1
2026-09-11T02:15:08.144Z | com[open] version=12.13.11.1
2026-09-11T02:15:08.149Z | com[open] xmlpath=[]
2026-09-11T02:15:08.165Z | com[open] playlist_count=7
2026-09-11T02:15:08.223Z | com[open] playlist idx=1 name=[Library] kind=1 special= tracks=1
2026-09-11T02:15:08.243Z | com[open] playlist idx=2 name=[Music] kind=2 special=6 tracks=1
2026-09-11T02:15:08.247Z | com[open] playlist idx=3 name=[Movies] kind=2 special=7 tracks=0
2026-09-11T02:15:08.250Z | com[open] playlist idx=4 name=[TV Shows] kind=2 special=8 tracks=0
2026-09-11T02:15:08.254Z | com[open] playlist idx=5 name=[Podcasts] kind=2 special=3 tracks=0
2026-09-11T02:15:08.257Z | com[open] playlist idx=6 name=[Audiobooks] kind=2 special=9 tracks=0
2026-09-11T02:15:08.261Z | com[open] playlist idx=7 name=[Genius] kind=2 special=11 tracks=0
2026-09-11T02:15:08.266Z | com[open] library_track_count=1
2026-09-11T02:15:08.330Z | com[open] track idx=1 dbid=71 pid_high=-984675010 pid_low=-2082743793 name=[a10-tone-440hz-2s] artist=[] album=[] kind=[WAV audio file] size=176444 dur=2 loc=[<CI_ROOT_WIN>\native\media\a10-tone-440hz-2s.wav]
2026-09-11T02:15:08.334Z | quit_begin
2026-09-11T02:15:08.338Z | quit_called=ok
2026-09-11T02:15:14.026Z | itunes_running_after_quit=0
2026-09-11T02:15:14.029Z | libcount[postquit]=5
2026-09-11T02:15:14.030Z | libfile[postquit]=<CI_ROOT_WIN>\native\libs\lib01\iTunes Library Extras.itdb|16384|62951C0D201EF74F911886247293CD3B45A1685285DB6297DDAF749F89BBED91|2026-09-11T02:15:07.7034571Z
2026-09-11T02:15:14.030Z | libfile[postquit]=<CI_ROOT_WIN>\native\libs\lib01\iTunes Library Genius.itdb|32768|7E44D70D8161177724EFD1844038622DBEF1228EBA1E1487AE732A740FA93A06|2026-09-11T00:45:44.8693723Z
2026-09-11T02:15:14.031Z | libfile[postquit]=<CI_ROOT_WIN>\native\libs\lib01\iTunes Library.itl|4526|BEA91EA88442694565CEA98EA7C94F4B16DB8B977C19ECE66A84A15F3C2119E1|2026-09-11T02:15:11.4415690Z
2026-09-11T02:15:14.031Z | libfile[postquit]=<CI_ROOT_WIN>\native\libs\lib01\sentinel|8|99D6BAFF24C0C641B9AC9B9BEEE1057F0B0E45AE009CC44F52C46121FD3019F1|2026-09-11T02:15:11.4445754Z
2026-09-11T02:15:14.032Z | libfile[postquit]=<CI_ROOT_WIN>\native\libs\lib01\iTunes Media\.iTunes Preferences.plist|305|C1F829DC83DC4614EEE329805EE1B5E68F8079C75456308F2D8DB51496E04E30|2026-09-11T00:45:44.8734401Z
2026-09-11T02:15:14.038Z | capture_itl=<CI_ROOT_WIN>\native\captures\lib01-ctrl-native-baseline-2.itl|4526|BEA91EA88442694565CEA98EA7C94F4B16DB8B977C19ECE66A84A15F3C2119E1
2026-09-11T02:15:14.040Z | capture_plist=<CI_ROOT_WIN>\native\captures\com.apple.iTunes.ctrl-native-baseline-2.plist|106610|BC8681D2687A7B293D7EB3F2E826B3049A01E94D9501C6444CCD8A7D1B19F9CE
2026-09-11T02:15:14.040Z | DONE_SESSION tag=ctrl-native-baseline-2
