2026-09-11T01:56:12.321Z | session_start tag=exp02-corrupt import=[]
2026-09-11T01:56:12.357Z | libcount[prelaunch]=5
2026-09-11T01:56:12.366Z | libfile[prelaunch]=<CI_ROOT_WIN>\itl-g4\native\libs\lib01\iTunes Library Extras.itdb|16384|E81C65A40381FD5572082602716F1F7D901969A7ED4DA1883798805AAF1EAEA9|2026-09-11T01:51:51.6360354Z
2026-09-11T01:56:12.367Z | libfile[prelaunch]=<CI_ROOT_WIN>\itl-g4\native\libs\lib01\iTunes Library Genius.itdb|32768|7E44D70D8161177724EFD1844038622DBEF1228EBA1E1487AE732A740FA93A06|2026-09-11T00:45:44.8693723Z
2026-09-11T01:56:12.368Z | libfile[prelaunch]=<CI_ROOT_WIN>\itl-g4\native\libs\lib01\iTunes Library.itl|3392|367B8E422A258B9E3500B460FE045A7336CFE8C824F03890C39351CB6BBD1047|2026-09-11T01:56:11.4859636Z
2026-09-11T01:56:12.368Z | libfile[prelaunch]=<CI_ROOT_WIN>\itl-g4\native\libs\lib01\sentinel|8|99D6BAFF24C0C641B9AC9B9BEEE1057F0B0E45AE009CC44F52C46121FD3019F1|2026-09-11T01:51:55.4396302Z
2026-09-11T01:56:12.369Z | libfile[prelaunch]=<CI_ROOT_WIN>\itl-g4\native\libs\lib01\iTunes Media\.iTunes Preferences.plist|305|C1F829DC83DC4614EEE329805EE1B5E68F8079C75456308F2D8DB51496E04E30|2026-09-11T00:45:44.8734401Z
2026-09-11T01:56:12.375Z | itl_prelaunch=3392|367B8E422A258B9E3500B460FE045A7336CFE8C824F03890C39351CB6BBD1047
2026-09-11T01:56:12.410Z | launched_pid=2736
2026-09-11T01:56:13.173Z | window hwnd=1704038 class=[iTunesCustomModalDialog] title=[iTunes]
2026-09-11T01:56:13.442Z | clicked_ok_audio text=[iTunes has detected a problem with your audio configuration. / Audio/Video playback may not operate properly.]
2026-09-11T01:56:16.872Z | window hwnd=1769574 class=[iTunesCustomModalDialog] title=[iTunes]
2026-09-11T01:56:16.874Z | UNEXPECTED_DIALOG_NO_CLICK title=[iTunes] text=[The file “iTunes Library.itl” does not appear to be a valid iTunes library file. iTunes has created a new iTunes library and renamed this file to “iTunes Library (Damaged).itl”.]
2026-09-11T01:56:17.577Z | UNEXPECTED_DIALOG_NO_CLICK title=[iTunes] text=[The file “iTunes Library.itl” does not appear to be a valid iTunes library file. iTunes has created a new iTunes library and renamed this file to “iTunes Library (Damaged).itl”.]
2026-09-11T01:56:18.280Z | UNEXPECTED_DIALOG_NO_CLICK title=[iTunes] text=[The file “iTunes Library.itl” does not appear to be a valid iTunes library file. iTunes has created a new iTunes library and renamed this file to “iTunes Library (Damaged).itl”.]
2026-09-11T01:56:18.993Z | UNEXPECTED_DIALOG_NO_CLICK title=[iTunes] text=[The file “iTunes Library.itl” does not appear to be a valid iTunes library file. iTunes has created a new iTunes library and renamed this file to “iTunes Library (Damaged).itl”.]
2026-09-11T01:56:19.698Z | UNEXPECTED_DIALOG_NO_CLICK title=[iTunes] text=[The file “iTunes Library.itl” does not appear to be a valid iTunes library file. iTunes has created a new iTunes library and renamed this file to “iTunes Library (Damaged).itl”.]
2026-09-11T01:56:20.401Z | UNEXPECTED_DIALOG_NO_CLICK title=[iTunes] text=[The file “iTunes Library.itl” does not appear to be a valid iTunes library file. iTunes has created a new iTunes library and renamed this file to “iTunes Library (Damaged).itl”.]
2026-09-11T01:56:21.114Z | UNEXPECTED_DIALOG_NO_CLICK title=[iTunes] text=[The file “iTunes Library.itl” does not appear to be a valid iTunes library file. iTunes has created a new iTunes library and renamed this file to “iTunes Library (Damaged).itl”.]
2026-09-11T01:56:21.817Z | UNEXPECTED_DIALOG_NO_CLICK title=[iTunes] text=[The file “iTunes Library.itl” does not appear to be a valid iTunes library file. iTunes has created a new iTunes library and renamed this file to “iTunes Library (Damaged).itl”.]
2026-09-11T01:56:22.523Z | UNEXPECTED_DIALOG_NO_CLICK title=[iTunes] text=[The file “iTunes Library.itl” does not appear to be a valid iTunes library file. iTunes has created a new iTunes library and renamed this file to “iTunes Library (Damaged).itl”.]
2026-09-11T01:56:23.226Z | UNEXPECTED_DIALOG_NO_CLICK title=[iTunes] text=[The file “iTunes Library.itl” does not appear to be a valid iTunes library file. iTunes has created a new iTunes library and renamed this file to “iTunes Library (Damaged).itl”.]
2026-09-11T01:56:23.932Z | UNEXPECTED_DIALOG_NO_CLICK title=[iTunes] text=[The file “iTunes Library.itl” does not appear to be a valid iTunes library file. iTunes has created a new iTunes library and renamed this file to “iTunes Library (Damaged).itl”.]
2026-09-11T01:56:24.644Z | UNEXPECTED_DIALOG_NO_CLICK title=[iTunes] text=[The file “iTunes Library.itl” does not appear to be a valid iTunes library file. iTunes has created a new iTunes library and renamed this file to “iTunes Library (Damaged).itl”.]
2026-09-11T01:56:25.347Z | UNEXPECTED_DIALOG_NO_CLICK title=[iTunes] text=[The file “iTunes Library.itl” does not appear to be a valid iTunes library file. iTunes has created a new iTunes library and renamed this file to “iTunes Library (Damaged).itl”.]
2026-09-11T01:56:26.053Z | UNEXPECTED_DIALOG_NO_CLICK title=[iTunes] text=[The file “iTunes Library.itl” does not appear to be a valid iTunes library file. iTunes has created a new iTunes library and renamed this file to “iTunes Library (Damaged).itl”.]
2026-09-11T01:56:26.757Z | UNEXPECTED_DIALOG_NO_CLICK title=[iTunes] text=[The file “iTunes Library.itl” does not appear to be a valid iTunes library file. iTunes has created a new iTunes library and renamed this file to “iTunes Library (Damaged).itl”.]
2026-09-11T01:56:27.461Z | UNEXPECTED_DIALOG_NO_CLICK title=[iTunes] text=[The file “iTunes Library.itl” does not appear to be a valid iTunes library file. iTunes has created a new iTunes library and renamed this file to “iTunes Library (Damaged).itl”.]
2026-09-11T01:56:28.165Z | UNEXPECTED_DIALOG_NO_CLICK title=[iTunes] text=[The file “iTunes Library.itl” does not appear to be a valid iTunes library file. iTunes has created a new iTunes library and renamed this file to “iTunes Library (Damaged).itl”.]
2026-09-11T01:56:28.893Z | UNEXPECTED_DIALOG_NO_CLICK title=[iTunes] text=[The file “iTunes Library.itl” does not appear to be a valid iTunes library file. iTunes has created a new iTunes library and renamed this file to “iTunes Library (Damaged).itl”.]
2026-09-11T01:56:29.595Z | UNEXPECTED_DIALOG_NO_CLICK title=[iTunes] text=[The file “iTunes Library.itl” does not appear to be a valid iTunes library file. iTunes has created a new iTunes library and renamed this file to “iTunes Library (Damaged).itl”.]
2026-09-11T01:56:30.298Z | UNEXPECTED_DIALOG_NO_CLICK title=[iTunes] text=[The file “iTunes Library.itl” does not appear to be a valid iTunes library file. iTunes has created a new iTunes library and renamed this file to “iTunes Library (Damaged).itl”.]
2026-09-11T01:56:31.002Z | UNEXPECTED_DIALOG_NO_CLICK title=[iTunes] text=[The file “iTunes Library.itl” does not appear to be a valid iTunes library file. iTunes has created a new iTunes library and renamed this file to “iTunes Library (Damaged).itl”.]
2026-09-11T01:56:31.714Z | UNEXPECTED_DIALOG_NO_CLICK title=[iTunes] text=[The file “iTunes Library.itl” does not appear to be a valid iTunes library file. iTunes has created a new iTunes library and renamed this file to “iTunes Library (Damaged).itl”.]
2026-09-11T01:56:32.426Z | UNEXPECTED_DIALOG_NO_CLICK title=[iTunes] text=[The file “iTunes Library.itl” does not appear to be a valid iTunes library file. iTunes has created a new iTunes library and renamed this file to “iTunes Library (Damaged).itl”.]
2026-09-11T01:56:33.138Z | UNEXPECTED_DIALOG_NO_CLICK title=[iTunes] text=[The file “iTunes Library.itl” does not appear to be a valid iTunes library file. iTunes has created a new iTunes library and renamed this file to “iTunes Library (Damaged).itl”.]
2026-09-11T01:56:33.850Z | UNEXPECTED_DIALOG_NO_CLICK title=[iTunes] text=[The file “iTunes Library.itl” does not appear to be a valid iTunes library file. iTunes has created a new iTunes library and renamed this file to “iTunes Library (Damaged).itl”.]
2026-09-11T01:56:34.563Z | UNEXPECTED_DIALOG_NO_CLICK title=[iTunes] text=[The file “iTunes Library.itl” does not appear to be a valid iTunes library file. iTunes has created a new iTunes library and renamed this file to “iTunes Library (Damaged).itl”.]
2026-09-11T01:56:35.276Z | UNEXPECTED_DIALOG_NO_CLICK title=[iTunes] text=[The file “iTunes Library.itl” does not appear to be a valid iTunes library file. iTunes has created a new iTunes library and renamed this file to “iTunes Library (Damaged).itl”.]
2026-09-11T01:56:35.980Z | UNEXPECTED_DIALOG_NO_CLICK title=[iTunes] text=[The file “iTunes Library.itl” does not appear to be a valid iTunes library file. iTunes has created a new iTunes library and renamed this file to “iTunes Library (Damaged).itl”.]
2026-09-11T01:56:36.701Z | UNEXPECTED_DIALOG_NO_CLICK title=[iTunes] text=[The file “iTunes Library.itl” does not appear to be a valid iTunes library file. iTunes has created a new iTunes library and renamed this file to “iTunes Library (Damaged).itl”.]
2026-09-11T01:56:37.404Z | UNEXPECTED_DIALOG_NO_CLICK title=[iTunes] text=[The file “iTunes Library.itl” does not appear to be a valid iTunes library file. iTunes has created a new iTunes library and renamed this file to “iTunes Library (Damaged).itl”.]
2026-09-11T01:56:38.111Z | UNEXPECTED_DIALOG_NO_CLICK title=[iTunes] text=[The file “iTunes Library.itl” does not appear to be a valid iTunes library file. iTunes has created a new iTunes library and renamed this file to “iTunes Library (Damaged).itl”.]
2026-09-11T01:56:38.813Z | UNEXPECTED_DIALOG_NO_CLICK title=[iTunes] text=[The file “iTunes Library.itl” does not appear to be a valid iTunes library file. iTunes has created a new iTunes library and renamed this file to “iTunes Library (Damaged).itl”.]
2026-09-11T01:56:39.520Z | UNEXPECTED_DIALOG_NO_CLICK title=[iTunes] text=[The file “iTunes Library.itl” does not appear to be a valid iTunes library file. iTunes has created a new iTunes library and renamed this file to “iTunes Library (Damaged).itl”.]
2026-09-11T01:56:40.231Z | UNEXPECTED_DIALOG_NO_CLICK title=[iTunes] text=[The file “iTunes Library.itl” does not appear to be a valid iTunes library file. iTunes has created a new iTunes library and renamed this file to “iTunes Library (Damaged).itl”.]
2026-09-11T01:56:40.935Z | UNEXPECTED_DIALOG_NO_CLICK title=[iTunes] text=[The file “iTunes Library.itl” does not appear to be a valid iTunes library file. iTunes has created a new iTunes library and renamed this file to “iTunes Library (Damaged).itl”.]
2026-09-11T01:56:41.639Z | UNEXPECTED_DIALOG_NO_CLICK title=[iTunes] text=[The file “iTunes Library.itl” does not appear to be a valid iTunes library file. iTunes has created a new iTunes library and renamed this file to “iTunes Library (Damaged).itl”.]
2026-09-11T01:56:42.351Z | UNEXPECTED_DIALOG_NO_CLICK title=[iTunes] text=[The file “iTunes Library.itl” does not appear to be a valid iTunes library file. iTunes has created a new iTunes library and renamed this file to “iTunes Library (Damaged).itl”.]
2026-09-11T01:56:43.055Z | UNEXPECTED_DIALOG_NO_CLICK title=[iTunes] text=[The file “iTunes Library.itl” does not appear to be a valid iTunes library file. iTunes has created a new iTunes library and renamed this file to “iTunes Library (Damaged).itl”.]
2026-09-11T01:56:43.758Z | UNEXPECTED_DIALOG_NO_CLICK title=[iTunes] text=[The file “iTunes Library.itl” does not appear to be a valid iTunes library file. iTunes has created a new iTunes library and renamed this file to “iTunes Library (Damaged).itl”.]
2026-09-11T01:56:44.470Z | UNEXPECTED_DIALOG_NO_CLICK title=[iTunes] text=[The file “iTunes Library.itl” does not appear to be a valid iTunes library file. iTunes has created a new iTunes library and renamed this file to “iTunes Library (Damaged).itl”.]
2026-09-11T01:56:45.183Z | UNEXPECTED_DIALOG_NO_CLICK title=[iTunes] text=[The file “iTunes Library.itl” does not appear to be a valid iTunes library file. iTunes has created a new iTunes library and renamed this file to “iTunes Library (Damaged).itl”.]
2026-09-11T01:56:45.895Z | UNEXPECTED_DIALOG_NO_CLICK title=[iTunes] text=[The file “iTunes Library.itl” does not appear to be a valid iTunes library file. iTunes has created a new iTunes library and renamed this file to “iTunes Library (Damaged).itl”.]
2026-09-11T01:56:46.607Z | UNEXPECTED_DIALOG_NO_CLICK title=[iTunes] text=[The file “iTunes Library.itl” does not appear to be a valid iTunes library file. iTunes has created a new iTunes library and renamed this file to “iTunes Library (Damaged).itl”.]
2026-09-11T01:56:47.311Z | UNEXPECTED_DIALOG_NO_CLICK title=[iTunes] text=[The file “iTunes Library.itl” does not appear to be a valid iTunes library file. iTunes has created a new iTunes library and renamed this file to “iTunes Library (Damaged).itl”.]
2026-09-11T01:56:48.014Z | UNEXPECTED_DIALOG_NO_CLICK title=[iTunes] text=[The file “iTunes Library.itl” does not appear to be a valid iTunes library file. iTunes has created a new iTunes library and renamed this file to “iTunes Library (Damaged).itl”.]
2026-09-11T01:56:48.726Z | UNEXPECTED_DIALOG_NO_CLICK title=[iTunes] text=[The file “iTunes Library.itl” does not appear to be a valid iTunes library file. iTunes has created a new iTunes library and renamed this file to “iTunes Library (Damaged).itl”.]
2026-09-11T01:56:49.439Z | UNEXPECTED_DIALOG_NO_CLICK title=[iTunes] text=[The file “iTunes Library.itl” does not appear to be a valid iTunes library file. iTunes has created a new iTunes library and renamed this file to “iTunes Library (Damaged).itl”.]
2026-09-11T01:56:50.152Z | UNEXPECTED_DIALOG_NO_CLICK title=[iTunes] text=[The file “iTunes Library.itl” does not appear to be a valid iTunes library file. iTunes has created a new iTunes library and renamed this file to “iTunes Library (Damaged).itl”.]
2026-09-11T01:56:50.864Z | UNEXPECTED_DIALOG_NO_CLICK title=[iTunes] text=[The file “iTunes Library.itl” does not appear to be a valid iTunes library file. iTunes has created a new iTunes library and renamed this file to “iTunes Library (Damaged).itl”.]
2026-09-11T01:56:51.567Z | UNEXPECTED_DIALOG_NO_CLICK title=[iTunes] text=[The file “iTunes Library.itl” does not appear to be a valid iTunes library file. iTunes has created a new iTunes library and renamed this file to “iTunes Library (Damaged).itl”.]
2026-09-11T01:56:52.270Z | UNEXPECTED_DIALOG_NO_CLICK title=[iTunes] text=[The file “iTunes Library.itl” does not appear to be a valid iTunes library file. iTunes has created a new iTunes library and renamed this file to “iTunes Library (Damaged).itl”.]
2026-09-11T01:56:52.984Z | UNEXPECTED_DIALOG_NO_CLICK title=[iTunes] text=[The file “iTunes Library.itl” does not appear to be a valid iTunes library file. iTunes has created a new iTunes library and renamed this file to “iTunes Library (Damaged).itl”.]
2026-09-11T01:56:53.687Z | UNEXPECTED_DIALOG_NO_CLICK title=[iTunes] text=[The file “iTunes Library.itl” does not appear to be a valid iTunes library file. iTunes has created a new iTunes library and renamed this file to “iTunes Library (Damaged).itl”.]
2026-09-11T01:56:54.390Z | UNEXPECTED_DIALOG_NO_CLICK title=[iTunes] text=[The file “iTunes Library.itl” does not appear to be a valid iTunes library file. iTunes has created a new iTunes library and renamed this file to “iTunes Library (Damaged).itl”.]
2026-09-11T01:56:55.106Z | UNEXPECTED_DIALOG_NO_CLICK title=[iTunes] text=[The file “iTunes Library.itl” does not appear to be a valid iTunes library file. iTunes has created a new iTunes library and renamed this file to “iTunes Library (Damaged).itl”.]
2026-09-11T01:56:55.819Z | UNEXPECTED_DIALOG_NO_CLICK title=[iTunes] text=[The file “iTunes Library.itl” does not appear to be a valid iTunes library file. iTunes has created a new iTunes library and renamed this file to “iTunes Library (Damaged).itl”.]
2026-09-11T01:56:56.522Z | UNEXPECTED_DIALOG_NO_CLICK title=[iTunes] text=[The file “iTunes Library.itl” does not appear to be a valid iTunes library file. iTunes has created a new iTunes library and renamed this file to “iTunes Library (Damaged).itl”.]
2026-09-11T01:56:57.229Z | UNEXPECTED_DIALOG_NO_CLICK title=[iTunes] text=[The file “iTunes Library.itl” does not appear to be a valid iTunes library file. iTunes has created a new iTunes library and renamed this file to “iTunes Library (Damaged).itl”.]
2026-09-11T01:56:57.940Z | UNEXPECTED_DIALOG_NO_CLICK title=[iTunes] text=[The file “iTunes Library.itl” does not appear to be a valid iTunes library file. iTunes has created a new iTunes library and renamed this file to “iTunes Library (Damaged).itl”.]
2026-09-11T01:56:58.642Z | UNEXPECTED_DIALOG_NO_CLICK title=[iTunes] text=[The file “iTunes Library.itl” does not appear to be a valid iTunes library file. iTunes has created a new iTunes library and renamed this file to “iTunes Library (Damaged).itl”.]
2026-09-11T01:56:59.345Z | UNEXPECTED_DIALOG_NO_CLICK title=[iTunes] text=[The file “iTunes Library.itl” does not appear to be a valid iTunes library file. iTunes has created a new iTunes library and renamed this file to “iTunes Library (Damaged).itl”.]
2026-09-11T01:57:00.047Z | UNEXPECTED_DIALOG_NO_CLICK title=[iTunes] text=[The file “iTunes Library.itl” does not appear to be a valid iTunes library file. iTunes has created a new iTunes library and renamed this file to “iTunes Library (Damaged).itl”.]
2026-09-11T01:57:00.758Z | UNEXPECTED_DIALOG_NO_CLICK title=[iTunes] text=[The file “iTunes Library.itl” does not appear to be a valid iTunes library file. iTunes has created a new iTunes library and renamed this file to “iTunes Library (Damaged).itl”.]
2026-09-11T01:57:01.461Z | UNEXPECTED_DIALOG_NO_CLICK title=[iTunes] text=[The file “iTunes Library.itl” does not appear to be a valid iTunes library file. iTunes has created a new iTunes library and renamed this file to “iTunes Library (Damaged).itl”.]
2026-09-11T01:57:02.182Z | UNEXPECTED_DIALOG_NO_CLICK title=[iTunes] text=[The file “iTunes Library.itl” does not appear to be a valid iTunes library file. iTunes has created a new iTunes library and renamed this file to “iTunes Library (Damaged).itl”.]
2026-09-11T01:57:02.896Z | UNEXPECTED_DIALOG_NO_CLICK title=[iTunes] text=[The file “iTunes Library.itl” does not appear to be a valid iTunes library file. iTunes has created a new iTunes library and renamed this file to “iTunes Library (Damaged).itl”.]
2026-09-11T01:57:03.598Z | UNEXPECTED_DIALOG_NO_CLICK title=[iTunes] text=[The file “iTunes Library.itl” does not appear to be a valid iTunes library file. iTunes has created a new iTunes library and renamed this file to “iTunes Library (Damaged).itl”.]
2026-09-11T01:57:04.305Z | UNEXPECTED_DIALOG_NO_CLICK title=[iTunes] text=[The file “iTunes Library.itl” does not appear to be a valid iTunes library file. iTunes has created a new iTunes library and renamed this file to “iTunes Library (Damaged).itl”.]
2026-09-11T01:57:05.018Z | UNEXPECTED_DIALOG_NO_CLICK title=[iTunes] text=[The file “iTunes Library.itl” does not appear to be a valid iTunes library file. iTunes has created a new iTunes library and renamed this file to “iTunes Library (Damaged).itl”.]
2026-09-11T01:57:05.731Z | UNEXPECTED_DIALOG_NO_CLICK title=[iTunes] text=[The file “iTunes Library.itl” does not appear to be a valid iTunes library file. iTunes has created a new iTunes library and renamed this file to “iTunes Library (Damaged).itl”.]
2026-09-11T01:57:06.443Z | UNEXPECTED_DIALOG_NO_CLICK title=[iTunes] text=[The file “iTunes Library.itl” does not appear to be a valid iTunes library file. iTunes has created a new iTunes library and renamed this file to “iTunes Library (Damaged).itl”.]
2026-09-11T01:57:07.146Z | UNEXPECTED_DIALOG_NO_CLICK title=[iTunes] text=[The file “iTunes Library.itl” does not appear to be a valid iTunes library file. iTunes has created a new iTunes library and renamed this file to “iTunes Library (Damaged).itl”.]
2026-09-11T01:57:07.851Z | UNEXPECTED_DIALOG_NO_CLICK title=[iTunes] text=[The file “iTunes Library.itl” does not appear to be a valid iTunes library file. iTunes has created a new iTunes library and renamed this file to “iTunes Library (Damaged).itl”.]
2026-09-11T01:57:08.564Z | UNEXPECTED_DIALOG_NO_CLICK title=[iTunes] text=[The file “iTunes Library.itl” does not appear to be a valid iTunes library file. iTunes has created a new iTunes library and renamed this file to “iTunes Library (Damaged).itl”.]
2026-09-11T01:57:09.266Z | UNEXPECTED_DIALOG_NO_CLICK title=[iTunes] text=[The file “iTunes Library.itl” does not appear to be a valid iTunes library file. iTunes has created a new iTunes library and renamed this file to “iTunes Library (Damaged).itl”.]
2026-09-11T01:57:09.973Z | UNEXPECTED_DIALOG_NO_CLICK title=[iTunes] text=[The file “iTunes Library.itl” does not appear to be a valid iTunes library file. iTunes has created a new iTunes library and renamed this file to “iTunes Library (Damaged).itl”.]
2026-09-11T01:57:10.684Z | UNEXPECTED_DIALOG_NO_CLICK title=[iTunes] text=[The file “iTunes Library.itl” does not appear to be a valid iTunes library file. iTunes has created a new iTunes library and renamed this file to “iTunes Library (Damaged).itl”.]
2026-09-11T01:57:11.396Z | UNEXPECTED_DIALOG_NO_CLICK title=[iTunes] text=[The file “iTunes Library.itl” does not appear to be a valid iTunes library file. iTunes has created a new iTunes library and renamed this file to “iTunes Library (Damaged).itl”.]
2026-09-11T01:57:12.110Z | UNEXPECTED_DIALOG_NO_CLICK title=[iTunes] text=[The file “iTunes Library.itl” does not appear to be a valid iTunes library file. iTunes has created a new iTunes library and renamed this file to “iTunes Library (Damaged).itl”.]
2026-09-11T01:57:12.812Z | UNEXPECTED_DIALOG_NO_CLICK title=[iTunes] text=[The file “iTunes Library.itl” does not appear to be a valid iTunes library file. iTunes has created a new iTunes library and renamed this file to “iTunes Library (Damaged).itl”.]
2026-09-11T01:57:13.518Z | UNEXPECTED_DIALOG_NO_CLICK title=[iTunes] text=[The file “iTunes Library.itl” does not appear to be a valid iTunes library file. iTunes has created a new iTunes library and renamed this file to “iTunes Library (Damaged).itl”.]
2026-09-11T01:57:14.220Z | UNEXPECTED_DIALOG_NO_CLICK title=[iTunes] text=[The file “iTunes Library.itl” does not appear to be a valid iTunes library file. iTunes has created a new iTunes library and renamed this file to “iTunes Library (Damaged).itl”.]
2026-09-11T01:57:14.925Z | UNEXPECTED_DIALOG_NO_CLICK title=[iTunes] text=[The file “iTunes Library.itl” does not appear to be a valid iTunes library file. iTunes has created a new iTunes library and renamed this file to “iTunes Library (Damaged).itl”.]
2026-09-11T01:57:15.637Z | UNEXPECTED_DIALOG_NO_CLICK title=[iTunes] text=[The file “iTunes Library.itl” does not appear to be a valid iTunes library file. iTunes has created a new iTunes library and renamed this file to “iTunes Library (Damaged).itl”.]
2026-09-11T01:57:16.349Z | UNEXPECTED_DIALOG_NO_CLICK title=[iTunes] text=[The file “iTunes Library.itl” does not appear to be a valid iTunes library file. iTunes has created a new iTunes library and renamed this file to “iTunes Library (Damaged).itl”.]
2026-09-11T01:57:17.061Z | UNEXPECTED_DIALOG_NO_CLICK title=[iTunes] text=[The file “iTunes Library.itl” does not appear to be a valid iTunes library file. iTunes has created a new iTunes library and renamed this file to “iTunes Library (Damaged).itl”.]
2026-09-11T01:57:17.774Z | UNEXPECTED_DIALOG_NO_CLICK title=[iTunes] text=[The file “iTunes Library.itl” does not appear to be a valid iTunes library file. iTunes has created a new iTunes library and renamed this file to “iTunes Library (Damaged).itl”.]
2026-09-11T01:57:18.486Z | UNEXPECTED_DIALOG_NO_CLICK title=[iTunes] text=[The file “iTunes Library.itl” does not appear to be a valid iTunes library file. iTunes has created a new iTunes library and renamed this file to “iTunes Library (Damaged).itl”.]
2026-09-11T01:57:19.198Z | UNEXPECTED_DIALOG_NO_CLICK title=[iTunes] text=[The file “iTunes Library.itl” does not appear to be a valid iTunes library file. iTunes has created a new iTunes library and renamed this file to “iTunes Library (Damaged).itl”.]
2026-09-11T01:57:19.902Z | UNEXPECTED_DIALOG_NO_CLICK title=[iTunes] text=[The file “iTunes Library.itl” does not appear to be a valid iTunes library file. iTunes has created a new iTunes library and renamed this file to “iTunes Library (Damaged).itl”.]
2026-09-11T01:57:20.607Z | UNEXPECTED_DIALOG_NO_CLICK title=[iTunes] text=[The file “iTunes Library.itl” does not appear to be a valid iTunes library file. iTunes has created a new iTunes library and renamed this file to “iTunes Library (Damaged).itl”.]
2026-09-11T01:57:21.320Z | UNEXPECTED_DIALOG_NO_CLICK title=[iTunes] text=[The file “iTunes Library.itl” does not appear to be a valid iTunes library file. iTunes has created a new iTunes library and renamed this file to “iTunes Library (Damaged).itl”.]
2026-09-11T01:57:22.032Z | UNEXPECTED_DIALOG_NO_CLICK title=[iTunes] text=[The file “iTunes Library.itl” does not appear to be a valid iTunes library file. iTunes has created a new iTunes library and renamed this file to “iTunes Library (Damaged).itl”.]
2026-09-11T01:57:22.736Z | UNEXPECTED_DIALOG_NO_CLICK title=[iTunes] text=[The file “iTunes Library.itl” does not appear to be a valid iTunes library file. iTunes has created a new iTunes library and renamed this file to “iTunes Library (Damaged).itl”.]
2026-09-11T01:57:23.442Z | UNEXPECTED_DIALOG_NO_CLICK title=[iTunes] text=[The file “iTunes Library.itl” does not appear to be a valid iTunes library file. iTunes has created a new iTunes library and renamed this file to “iTunes Library (Damaged).itl”.]
2026-09-11T01:57:24.145Z | UNEXPECTED_DIALOG_NO_CLICK title=[iTunes] text=[The file “iTunes Library.itl” does not appear to be a valid iTunes library file. iTunes has created a new iTunes library and renamed this file to “iTunes Library (Damaged).itl”.]
2026-09-11T01:57:24.849Z | UNEXPECTED_DIALOG_NO_CLICK title=[iTunes] text=[The file “iTunes Library.itl” does not appear to be a valid iTunes library file. iTunes has created a new iTunes library and renamed this file to “iTunes Library (Damaged).itl”.]
2026-09-11T01:57:25.561Z | UNEXPECTED_DIALOG_NO_CLICK title=[iTunes] text=[The file “iTunes Library.itl” does not appear to be a valid iTunes library file. iTunes has created a new iTunes library and renamed this file to “iTunes Library (Damaged).itl”.]
2026-09-11T01:57:26.273Z | UNEXPECTED_DIALOG_NO_CLICK title=[iTunes] text=[The file “iTunes Library.itl” does not appear to be a valid iTunes library file. iTunes has created a new iTunes library and renamed this file to “iTunes Library (Damaged).itl”.]
2026-09-11T01:57:26.985Z | UNEXPECTED_DIALOG_NO_CLICK title=[iTunes] text=[The file “iTunes Library.itl” does not appear to be a valid iTunes library file. iTunes has created a new iTunes library and renamed this file to “iTunes Library (Damaged).itl”.]
2026-09-11T01:57:27.697Z | UNEXPECTED_DIALOG_NO_CLICK title=[iTunes] text=[The file “iTunes Library.itl” does not appear to be a valid iTunes library file. iTunes has created a new iTunes library and renamed this file to “iTunes Library (Damaged).itl”.]
2026-09-11T01:57:28.400Z | UNEXPECTED_DIALOG_NO_CLICK title=[iTunes] text=[The file “iTunes Library.itl” does not appear to be a valid iTunes library file. iTunes has created a new iTunes library and renamed this file to “iTunes Library (Damaged).itl”.]
2026-09-11T01:57:29.106Z | UNEXPECTED_DIALOG_NO_CLICK title=[iTunes] text=[The file “iTunes Library.itl” does not appear to be a valid iTunes library file. iTunes has created a new iTunes library and renamed this file to “iTunes Library (Damaged).itl”.]
2026-09-11T01:57:29.818Z | UNEXPECTED_DIALOG_NO_CLICK title=[iTunes] text=[The file “iTunes Library.itl” does not appear to be a valid iTunes library file. iTunes has created a new iTunes library and renamed this file to “iTunes Library (Damaged).itl”.]
2026-09-11T01:57:30.530Z | UNEXPECTED_DIALOG_NO_CLICK title=[iTunes] text=[The file “iTunes Library.itl” does not appear to be a valid iTunes library file. iTunes has created a new iTunes library and renamed this file to “iTunes Library (Damaged).itl”.]
2026-09-11T01:57:31.242Z | UNEXPECTED_DIALOG_NO_CLICK title=[iTunes] text=[The file “iTunes Library.itl” does not appear to be a valid iTunes library file. iTunes has created a new iTunes library and renamed this file to “iTunes Library (Damaged).itl”.]
2026-09-11T01:57:31.945Z | UNEXPECTED_DIALOG_NO_CLICK title=[iTunes] text=[The file “iTunes Library.itl” does not appear to be a valid iTunes library file. iTunes has created a new iTunes library and renamed this file to “iTunes Library (Damaged).itl”.]
2026-09-11T01:57:32.650Z | UNEXPECTED_DIALOG_NO_CLICK title=[iTunes] text=[The file “iTunes Library.itl” does not appear to be a valid iTunes library file. iTunes has created a new iTunes library and renamed this file to “iTunes Library (Damaged).itl”.]
2026-09-11T01:57:33.362Z | UNEXPECTED_DIALOG_NO_CLICK title=[iTunes] text=[The file “iTunes Library.itl” does not appear to be a valid iTunes library file. iTunes has created a new iTunes library and renamed this file to “iTunes Library (Damaged).itl”.]
2026-09-11T01:57:34.075Z | UNEXPECTED_DIALOG_NO_CLICK title=[iTunes] text=[The file “iTunes Library.itl” does not appear to be a valid iTunes library file. iTunes has created a new iTunes library and renamed this file to “iTunes Library (Damaged).itl”.]
2026-09-11T01:57:34.802Z | UNEXPECTED_DIALOG_NO_CLICK title=[iTunes] text=[The file “iTunes Library.itl” does not appear to be a valid iTunes library file. iTunes has created a new iTunes library and renamed this file to “iTunes Library (Damaged).itl”.]
2026-09-11T01:57:35.515Z | UNEXPECTED_DIALOG_NO_CLICK title=[iTunes] text=[The file “iTunes Library.itl” does not appear to be a valid iTunes library file. iTunes has created a new iTunes library and renamed this file to “iTunes Library (Damaged).itl”.]
2026-09-11T01:57:36.229Z | UNEXPECTED_DIALOG_NO_CLICK title=[iTunes] text=[The file “iTunes Library.itl” does not appear to be a valid iTunes library file. iTunes has created a new iTunes library and renamed this file to “iTunes Library (Damaged).itl”.]
2026-09-11T01:57:36.940Z | UNEXPECTED_DIALOG_NO_CLICK title=[iTunes] text=[The file “iTunes Library.itl” does not appear to be a valid iTunes library file. iTunes has created a new iTunes library and renamed this file to “iTunes Library (Damaged).itl”.]
2026-09-11T01:57:37.643Z | UNEXPECTED_DIALOG_NO_CLICK title=[iTunes] text=[The file “iTunes Library.itl” does not appear to be a valid iTunes library file. iTunes has created a new iTunes library and renamed this file to “iTunes Library (Damaged).itl”.]
2026-09-11T01:57:38.350Z | UNEXPECTED_DIALOG_NO_CLICK title=[iTunes] text=[The file “iTunes Library.itl” does not appear to be a valid iTunes library file. iTunes has created a new iTunes library and renamed this file to “iTunes Library (Damaged).itl”.]
2026-09-11T01:57:39.063Z | UNEXPECTED_DIALOG_NO_CLICK title=[iTunes] text=[The file “iTunes Library.itl” does not appear to be a valid iTunes library file. iTunes has created a new iTunes library and renamed this file to “iTunes Library (Damaged).itl”.]
2026-09-11T01:57:39.775Z | UNEXPECTED_DIALOG_NO_CLICK title=[iTunes] text=[The file “iTunes Library.itl” does not appear to be a valid iTunes library file. iTunes has created a new iTunes library and renamed this file to “iTunes Library (Damaged).itl”.]
2026-09-11T01:57:40.488Z | UNEXPECTED_DIALOG_NO_CLICK title=[iTunes] text=[The file “iTunes Library.itl” does not appear to be a valid iTunes library file. iTunes has created a new iTunes library and renamed this file to “iTunes Library (Damaged).itl”.]
2026-09-11T01:57:41.200Z | UNEXPECTED_DIALOG_NO_CLICK title=[iTunes] text=[The file “iTunes Library.itl” does not appear to be a valid iTunes library file. iTunes has created a new iTunes library and renamed this file to “iTunes Library (Damaged).itl”.]
2026-09-11T01:57:41.913Z | UNEXPECTED_DIALOG_NO_CLICK title=[iTunes] text=[The file “iTunes Library.itl” does not appear to be a valid iTunes library file. iTunes has created a new iTunes library and renamed this file to “iTunes Library (Damaged).itl”.]
2026-09-11T01:57:42.625Z | UNEXPECTED_DIALOG_NO_CLICK title=[iTunes] text=[The file “iTunes Library.itl” does not appear to be a valid iTunes library file. iTunes has created a new iTunes library and renamed this file to “iTunes Library (Damaged).itl”.]
2026-09-11T01:57:43.337Z | UNEXPECTED_DIALOG_NO_CLICK title=[iTunes] text=[The file “iTunes Library.itl” does not appear to be a valid iTunes library file. iTunes has created a new iTunes library and renamed this file to “iTunes Library (Damaged).itl”.]
2026-09-11T01:57:44.048Z | UNEXPECTED_DIALOG_NO_CLICK title=[iTunes] text=[The file “iTunes Library.itl” does not appear to be a valid iTunes library file. iTunes has created a new iTunes library and renamed this file to “iTunes Library (Damaged).itl”.]
2026-09-11T01:57:44.762Z | UNEXPECTED_DIALOG_NO_CLICK title=[iTunes] text=[The file “iTunes Library.itl” does not appear to be a valid iTunes library file. iTunes has created a new iTunes library and renamed this file to “iTunes Library (Damaged).itl”.]
2026-09-11T01:57:45.474Z | UNEXPECTED_DIALOG_NO_CLICK title=[iTunes] text=[The file “iTunes Library.itl” does not appear to be a valid iTunes library file. iTunes has created a new iTunes library and renamed this file to “iTunes Library (Damaged).itl”.]
2026-09-11T01:57:46.186Z | UNEXPECTED_DIALOG_NO_CLICK title=[iTunes] text=[The file “iTunes Library.itl” does not appear to be a valid iTunes library file. iTunes has created a new iTunes library and renamed this file to “iTunes Library (Damaged).itl”.]
2026-09-11T01:57:46.898Z | UNEXPECTED_DIALOG_NO_CLICK title=[iTunes] text=[The file “iTunes Library.itl” does not appear to be a valid iTunes library file. iTunes has created a new iTunes library and renamed this file to “iTunes Library (Damaged).itl”.]
2026-09-11T01:57:47.610Z | UNEXPECTED_DIALOG_NO_CLICK title=[iTunes] text=[The file “iTunes Library.itl” does not appear to be a valid iTunes library file. iTunes has created a new iTunes library and renamed this file to “iTunes Library (Damaged).itl”.]
2026-09-11T01:57:48.313Z | UNEXPECTED_DIALOG_NO_CLICK title=[iTunes] text=[The file “iTunes Library.itl” does not appear to be a valid iTunes library file. iTunes has created a new iTunes library and renamed this file to “iTunes Library (Damaged).itl”.]
2026-09-11T01:57:49.020Z | UNEXPECTED_DIALOG_NO_CLICK title=[iTunes] text=[The file “iTunes Library.itl” does not appear to be a valid iTunes library file. iTunes has created a new iTunes library and renamed this file to “iTunes Library (Damaged).itl”.]
2026-09-11T01:57:49.724Z | UNEXPECTED_DIALOG_NO_CLICK title=[iTunes] text=[The file “iTunes Library.itl” does not appear to be a valid iTunes library file. iTunes has created a new iTunes library and renamed this file to “iTunes Library (Damaged).itl”.]
2026-09-11T01:57:50.429Z | UNEXPECTED_DIALOG_NO_CLICK title=[iTunes] text=[The file “iTunes Library.itl” does not appear to be a valid iTunes library file. iTunes has created a new iTunes library and renamed this file to “iTunes Library (Damaged).itl”.]
2026-09-11T01:57:51.133Z | UNEXPECTED_DIALOG_NO_CLICK title=[iTunes] text=[The file “iTunes Library.itl” does not appear to be a valid iTunes library file. iTunes has created a new iTunes library and renamed this file to “iTunes Library (Damaged).itl”.]
2026-09-11T01:57:51.839Z | UNEXPECTED_DIALOG_NO_CLICK title=[iTunes] text=[The file “iTunes Library.itl” does not appear to be a valid iTunes library file. iTunes has created a new iTunes library and renamed this file to “iTunes Library (Damaged).itl”.]
2026-09-11T01:57:52.541Z | UNEXPECTED_DIALOG_NO_CLICK title=[iTunes] text=[The file “iTunes Library.itl” does not appear to be a valid iTunes library file. iTunes has created a new iTunes library and renamed this file to “iTunes Library (Damaged).itl”.]
2026-09-11T01:57:53.248Z | UNEXPECTED_DIALOG_NO_CLICK title=[iTunes] text=[The file “iTunes Library.itl” does not appear to be a valid iTunes library file. iTunes has created a new iTunes library and renamed this file to “iTunes Library (Damaged).itl”.]
2026-09-11T01:57:53.959Z | UNEXPECTED_DIALOG_NO_CLICK title=[iTunes] text=[The file “iTunes Library.itl” does not appear to be a valid iTunes library file. iTunes has created a new iTunes library and renamed this file to “iTunes Library (Damaged).itl”.]
2026-09-11T01:57:54.672Z | UNEXPECTED_DIALOG_NO_CLICK title=[iTunes] text=[The file “iTunes Library.itl” does not appear to be a valid iTunes library file. iTunes has created a new iTunes library and renamed this file to “iTunes Library (Damaged).itl”.]
2026-09-11T01:57:55.374Z | UNEXPECTED_DIALOG_NO_CLICK title=[iTunes] text=[The file “iTunes Library.itl” does not appear to be a valid iTunes library file. iTunes has created a new iTunes library and renamed this file to “iTunes Library (Damaged).itl”.]
2026-09-11T01:57:56.081Z | UNEXPECTED_DIALOG_NO_CLICK title=[iTunes] text=[The file “iTunes Library.itl” does not appear to be a valid iTunes library file. iTunes has created a new iTunes library and renamed this file to “iTunes Library (Damaged).itl”.]
2026-09-11T01:57:56.794Z | UNEXPECTED_DIALOG_NO_CLICK title=[iTunes] text=[The file “iTunes Library.itl” does not appear to be a valid iTunes library file. iTunes has created a new iTunes library and renamed this file to “iTunes Library (Damaged).itl”.]
2026-09-11T01:57:57.507Z | UNEXPECTED_DIALOG_NO_CLICK title=[iTunes] text=[The file “iTunes Library.itl” does not appear to be a valid iTunes library file. iTunes has created a new iTunes library and renamed this file to “iTunes Library (Damaged).itl”.]
2026-09-11T01:57:58.219Z | UNEXPECTED_DIALOG_NO_CLICK title=[iTunes] text=[The file “iTunes Library.itl” does not appear to be a valid iTunes library file. iTunes has created a new iTunes library and renamed this file to “iTunes Library (Damaged).itl”.]
2026-09-11T01:57:58.932Z | UNEXPECTED_DIALOG_NO_CLICK title=[iTunes] text=[The file “iTunes Library.itl” does not appear to be a valid iTunes library file. iTunes has created a new iTunes library and renamed this file to “iTunes Library (Damaged).itl”.]
2026-09-11T01:57:59.635Z | UNEXPECTED_DIALOG_NO_CLICK title=[iTunes] text=[The file “iTunes Library.itl” does not appear to be a valid iTunes library file. iTunes has created a new iTunes library and renamed this file to “iTunes Library (Damaged).itl”.]
2026-09-11T01:58:00.341Z | UNEXPECTED_DIALOG_NO_CLICK title=[iTunes] text=[The file “iTunes Library.itl” does not appear to be a valid iTunes library file. iTunes has created a new iTunes library and renamed this file to “iTunes Library (Damaged).itl”.]
2026-09-11T01:58:01.053Z | UNEXPECTED_DIALOG_NO_CLICK title=[iTunes] text=[The file “iTunes Library.itl” does not appear to be a valid iTunes library file. iTunes has created a new iTunes library and renamed this file to “iTunes Library (Damaged).itl”.]
2026-09-11T01:58:01.766Z | UNEXPECTED_DIALOG_NO_CLICK title=[iTunes] text=[The file “iTunes Library.itl” does not appear to be a valid iTunes library file. iTunes has created a new iTunes library and renamed this file to “iTunes Library (Damaged).itl”.]
2026-09-11T01:58:02.478Z | UNEXPECTED_DIALOG_NO_CLICK title=[iTunes] text=[The file “iTunes Library.itl” does not appear to be a valid iTunes library file. iTunes has created a new iTunes library and renamed this file to “iTunes Library (Damaged).itl”.]
2026-09-11T01:58:03.190Z | UNEXPECTED_DIALOG_NO_CLICK title=[iTunes] text=[The file “iTunes Library.itl” does not appear to be a valid iTunes library file. iTunes has created a new iTunes library and renamed this file to “iTunes Library (Damaged).itl”.]
2026-09-11T01:58:03.903Z | UNEXPECTED_DIALOG_NO_CLICK title=[iTunes] text=[The file “iTunes Library.itl” does not appear to be a valid iTunes library file. iTunes has created a new iTunes library and renamed this file to “iTunes Library (Damaged).itl”.]
2026-09-11T01:58:04.615Z | UNEXPECTED_DIALOG_NO_CLICK title=[iTunes] text=[The file “iTunes Library.itl” does not appear to be a valid iTunes library file. iTunes has created a new iTunes library and renamed this file to “iTunes Library (Damaged).itl”.]
2026-09-11T01:58:05.318Z | UNEXPECTED_DIALOG_NO_CLICK title=[iTunes] text=[The file “iTunes Library.itl” does not appear to be a valid iTunes library file. iTunes has created a new iTunes library and renamed this file to “iTunes Library (Damaged).itl”.]
2026-09-11T01:58:06.024Z | UNEXPECTED_DIALOG_NO_CLICK title=[iTunes] text=[The file “iTunes Library.itl” does not appear to be a valid iTunes library file. iTunes has created a new iTunes library and renamed this file to “iTunes Library (Damaged).itl”.]
2026-09-11T01:58:06.735Z | UNEXPECTED_DIALOG_NO_CLICK title=[iTunes] text=[The file “iTunes Library.itl” does not appear to be a valid iTunes library file. iTunes has created a new iTunes library and renamed this file to “iTunes Library (Damaged).itl”.]
2026-09-11T01:58:07.448Z | UNEXPECTED_DIALOG_NO_CLICK title=[iTunes] text=[The file “iTunes Library.itl” does not appear to be a valid iTunes library file. iTunes has created a new iTunes library and renamed this file to “iTunes Library (Damaged).itl”.]
2026-09-11T01:58:08.151Z | UNEXPECTED_DIALOG_NO_CLICK title=[iTunes] text=[The file “iTunes Library.itl” does not appear to be a valid iTunes library file. iTunes has created a new iTunes library and renamed this file to “iTunes Library (Damaged).itl”.]
2026-09-11T01:58:08.858Z | UNEXPECTED_DIALOG_NO_CLICK title=[iTunes] text=[The file “iTunes Library.itl” does not appear to be a valid iTunes library file. iTunes has created a new iTunes library and renamed this file to “iTunes Library (Damaged).itl”.]
2026-09-11T01:58:09.562Z | UNEXPECTED_DIALOG_NO_CLICK title=[iTunes] text=[The file “iTunes Library.itl” does not appear to be a valid iTunes library file. iTunes has created a new iTunes library and renamed this file to “iTunes Library (Damaged).itl”.]
2026-09-11T01:58:10.266Z | UNEXPECTED_DIALOG_NO_CLICK title=[iTunes] text=[The file “iTunes Library.itl” does not appear to be a valid iTunes library file. iTunes has created a new iTunes library and renamed this file to “iTunes Library (Damaged).itl”.]
2026-09-11T01:58:10.979Z | UNEXPECTED_DIALOG_NO_CLICK title=[iTunes] text=[The file “iTunes Library.itl” does not appear to be a valid iTunes library file. iTunes has created a new iTunes library and renamed this file to “iTunes Library (Damaged).itl”.]
2026-09-11T01:58:11.691Z | UNEXPECTED_DIALOG_NO_CLICK title=[iTunes] text=[The file “iTunes Library.itl” does not appear to be a valid iTunes library file. iTunes has created a new iTunes library and renamed this file to “iTunes Library (Damaged).itl”.]
2026-09-11T01:58:12.394Z | UNEXPECTED_DIALOG_NO_CLICK title=[iTunes] text=[The file “iTunes Library.itl” does not appear to be a valid iTunes library file. iTunes has created a new iTunes library and renamed this file to “iTunes Library (Damaged).itl”.]
2026-09-11T01:58:13.100Z | UNEXPECTED_DIALOG_NO_CLICK title=[iTunes] text=[The file “iTunes Library.itl” does not appear to be a valid iTunes library file. iTunes has created a new iTunes library and renamed this file to “iTunes Library (Damaged).itl”.]
2026-09-11T01:58:13.812Z | UNEXPECTED_DIALOG_NO_CLICK title=[iTunes] text=[The file “iTunes Library.itl” does not appear to be a valid iTunes library file. iTunes has created a new iTunes library and renamed this file to “iTunes Library (Damaged).itl”.]
2026-09-11T01:58:14.516Z | UNEXPECTED_DIALOG_NO_CLICK title=[iTunes] text=[The file “iTunes Library.itl” does not appear to be a valid iTunes library file. iTunes has created a new iTunes library and renamed this file to “iTunes Library (Damaged).itl”.]
2026-09-11T01:58:15.222Z | UNEXPECTED_DIALOG_NO_CLICK title=[iTunes] text=[The file “iTunes Library.itl” does not appear to be a valid iTunes library file. iTunes has created a new iTunes library and renamed this file to “iTunes Library (Damaged).itl”.]
2026-09-11T01:58:15.935Z | UNEXPECTED_DIALOG_NO_CLICK title=[iTunes] text=[The file “iTunes Library.itl” does not appear to be a valid iTunes library file. iTunes has created a new iTunes library and renamed this file to “iTunes Library (Damaged).itl”.]
2026-09-11T01:58:16.647Z | UNEXPECTED_DIALOG_NO_CLICK title=[iTunes] text=[The file “iTunes Library.itl” does not appear to be a valid iTunes library file. iTunes has created a new iTunes library and renamed this file to “iTunes Library (Damaged).itl”.]
2026-09-11T01:58:17.360Z | UNEXPECTED_DIALOG_NO_CLICK title=[iTunes] text=[The file “iTunes Library.itl” does not appear to be a valid iTunes library file. iTunes has created a new iTunes library and renamed this file to “iTunes Library (Damaged).itl”.]
2026-09-11T01:58:18.062Z | UNEXPECTED_DIALOG_NO_CLICK title=[iTunes] text=[The file “iTunes Library.itl” does not appear to be a valid iTunes library file. iTunes has created a new iTunes library and renamed this file to “iTunes Library (Damaged).itl”.]
2026-09-11T01:58:18.769Z | UNEXPECTED_DIALOG_NO_CLICK title=[iTunes] text=[The file “iTunes Library.itl” does not appear to be a valid iTunes library file. iTunes has created a new iTunes library and renamed this file to “iTunes Library (Damaged).itl”.]
2026-09-11T01:58:19.482Z | UNEXPECTED_DIALOG_NO_CLICK title=[iTunes] text=[The file “iTunes Library.itl” does not appear to be a valid iTunes library file. iTunes has created a new iTunes library and renamed this file to “iTunes Library (Damaged).itl”.]
2026-09-11T01:58:20.194Z | UNEXPECTED_DIALOG_NO_CLICK title=[iTunes] text=[The file “iTunes Library.itl” does not appear to be a valid iTunes library file. iTunes has created a new iTunes library and renamed this file to “iTunes Library (Damaged).itl”.]
2026-09-11T01:58:20.906Z | UNEXPECTED_DIALOG_NO_CLICK title=[iTunes] text=[The file “iTunes Library.itl” does not appear to be a valid iTunes library file. iTunes has created a new iTunes library and renamed this file to “iTunes Library (Damaged).itl”.]
2026-09-11T01:58:21.618Z | UNEXPECTED_DIALOG_NO_CLICK title=[iTunes] text=[The file “iTunes Library.itl” does not appear to be a valid iTunes library file. iTunes has created a new iTunes library and renamed this file to “iTunes Library (Damaged).itl”.]
2026-09-11T01:58:22.321Z | UNEXPECTED_DIALOG_NO_CLICK title=[iTunes] text=[The file “iTunes Library.itl” does not appear to be a valid iTunes library file. iTunes has created a new iTunes library and renamed this file to “iTunes Library (Damaged).itl”.]
2026-09-11T01:58:23.026Z | UNEXPECTED_DIALOG_NO_CLICK title=[iTunes] text=[The file “iTunes Library.itl” does not appear to be a valid iTunes library file. iTunes has created a new iTunes library and renamed this file to “iTunes Library (Damaged).itl”.]
2026-09-11T01:58:23.728Z | UNEXPECTED_DIALOG_NO_CLICK title=[iTunes] text=[The file “iTunes Library.itl” does not appear to be a valid iTunes library file. iTunes has created a new iTunes library and renamed this file to “iTunes Library (Damaged).itl”.]
2026-09-11T01:58:24.434Z | UNEXPECTED_DIALOG_NO_CLICK title=[iTunes] text=[The file “iTunes Library.itl” does not appear to be a valid iTunes library file. iTunes has created a new iTunes library and renamed this file to “iTunes Library (Damaged).itl”.]
2026-09-11T01:58:25.144Z | UNEXPECTED_DIALOG_NO_CLICK title=[iTunes] text=[The file “iTunes Library.itl” does not appear to be a valid iTunes library file. iTunes has created a new iTunes library and renamed this file to “iTunes Library (Damaged).itl”.]
2026-09-11T01:58:25.848Z | UNEXPECTED_DIALOG_NO_CLICK title=[iTunes] text=[The file “iTunes Library.itl” does not appear to be a valid iTunes library file. iTunes has created a new iTunes library and renamed this file to “iTunes Library (Damaged).itl”.]
2026-09-11T01:58:26.552Z | UNEXPECTED_DIALOG_NO_CLICK title=[iTunes] text=[The file “iTunes Library.itl” does not appear to be a valid iTunes library file. iTunes has created a new iTunes library and renamed this file to “iTunes Library (Damaged).itl”.]
2026-09-11T01:58:27.265Z | UNEXPECTED_DIALOG_NO_CLICK title=[iTunes] text=[The file “iTunes Library.itl” does not appear to be a valid iTunes library file. iTunes has created a new iTunes library and renamed this file to “iTunes Library (Damaged).itl”.]
2026-09-11T01:58:27.992Z | UNEXPECTED_DIALOG_NO_CLICK title=[iTunes] text=[The file “iTunes Library.itl” does not appear to be a valid iTunes library file. iTunes has created a new iTunes library and renamed this file to “iTunes Library (Damaged).itl”.]
2026-09-11T01:58:28.705Z | UNEXPECTED_DIALOG_NO_CLICK title=[iTunes] text=[The file “iTunes Library.itl” does not appear to be a valid iTunes library file. iTunes has created a new iTunes library and renamed this file to “iTunes Library (Damaged).itl”.]
2026-09-11T01:58:29.417Z | UNEXPECTED_DIALOG_NO_CLICK title=[iTunes] text=[The file “iTunes Library.itl” does not appear to be a valid iTunes library file. iTunes has created a new iTunes library and renamed this file to “iTunes Library (Damaged).itl”.]
2026-09-11T01:58:30.129Z | UNEXPECTED_DIALOG_NO_CLICK title=[iTunes] text=[The file “iTunes Library.itl” does not appear to be a valid iTunes library file. iTunes has created a new iTunes library and renamed this file to “iTunes Library (Damaged).itl”.]
2026-09-11T01:58:30.841Z | UNEXPECTED_DIALOG_NO_CLICK title=[iTunes] text=[The file “iTunes Library.itl” does not appear to be a valid iTunes library file. iTunes has created a new iTunes library and renamed this file to “iTunes Library (Damaged).itl”.]
2026-09-11T01:58:31.553Z | UNEXPECTED_DIALOG_NO_CLICK title=[iTunes] text=[The file “iTunes Library.itl” does not appear to be a valid iTunes library file. iTunes has created a new iTunes library and renamed this file to “iTunes Library (Damaged).itl”.]
2026-09-11T01:58:32.265Z | UNEXPECTED_DIALOG_NO_CLICK title=[iTunes] text=[The file “iTunes Library.itl” does not appear to be a valid iTunes library file. iTunes has created a new iTunes library and renamed this file to “iTunes Library (Damaged).itl”.]
2026-09-11T01:58:32.977Z | UNEXPECTED_DIALOG_NO_CLICK title=[iTunes] text=[The file “iTunes Library.itl” does not appear to be a valid iTunes library file. iTunes has created a new iTunes library and renamed this file to “iTunes Library (Damaged).itl”.]
2026-09-11T01:58:33.690Z | UNEXPECTED_DIALOG_NO_CLICK title=[iTunes] text=[The file “iTunes Library.itl” does not appear to be a valid iTunes library file. iTunes has created a new iTunes library and renamed this file to “iTunes Library (Damaged).itl”.]
2026-09-11T01:58:34.392Z | UNEXPECTED_DIALOG_NO_CLICK title=[iTunes] text=[The file “iTunes Library.itl” does not appear to be a valid iTunes library file. iTunes has created a new iTunes library and renamed this file to “iTunes Library (Damaged).itl”.]
2026-09-11T01:58:35.098Z | UNEXPECTED_DIALOG_NO_CLICK title=[iTunes] text=[The file “iTunes Library.itl” does not appear to be a valid iTunes library file. iTunes has created a new iTunes library and renamed this file to “iTunes Library (Damaged).itl”.]
2026-09-11T01:58:35.811Z | UNEXPECTED_DIALOG_NO_CLICK title=[iTunes] text=[The file “iTunes Library.itl” does not appear to be a valid iTunes library file. iTunes has created a new iTunes library and renamed this file to “iTunes Library (Damaged).itl”.]
2026-09-11T01:58:36.523Z | UNEXPECTED_DIALOG_NO_CLICK title=[iTunes] text=[The file “iTunes Library.itl” does not appear to be a valid iTunes library file. iTunes has created a new iTunes library and renamed this file to “iTunes Library (Damaged).itl”.]
2026-09-11T01:58:37.227Z | UNEXPECTED_DIALOG_NO_CLICK title=[iTunes] text=[The file “iTunes Library.itl” does not appear to be a valid iTunes library file. iTunes has created a new iTunes library and renamed this file to “iTunes Library (Damaged).itl”.]
2026-09-11T01:58:37.932Z | UNEXPECTED_DIALOG_NO_CLICK title=[iTunes] text=[The file “iTunes Library.itl” does not appear to be a valid iTunes library file. iTunes has created a new iTunes library and renamed this file to “iTunes Library (Damaged).itl”.]
2026-09-11T01:58:38.635Z | UNEXPECTED_DIALOG_NO_CLICK title=[iTunes] text=[The file “iTunes Library.itl” does not appear to be a valid iTunes library file. iTunes has created a new iTunes library and renamed this file to “iTunes Library (Damaged).itl”.]
2026-09-11T01:58:39.341Z | UNEXPECTED_DIALOG_NO_CLICK title=[iTunes] text=[The file “iTunes Library.itl” does not appear to be a valid iTunes library file. iTunes has created a new iTunes library and renamed this file to “iTunes Library (Damaged).itl”.]
2026-09-11T01:58:40.069Z | UNEXPECTED_DIALOG_NO_CLICK title=[iTunes] text=[The file “iTunes Library.itl” does not appear to be a valid iTunes library file. iTunes has created a new iTunes library and renamed this file to “iTunes Library (Damaged).itl”.]
2026-09-11T01:58:40.779Z | UNEXPECTED_DIALOG_NO_CLICK title=[iTunes] text=[The file “iTunes Library.itl” does not appear to be a valid iTunes library file. iTunes has created a new iTunes library and renamed this file to “iTunes Library (Damaged).itl”.]
2026-09-11T01:58:41.490Z | UNEXPECTED_DIALOG_NO_CLICK title=[iTunes] text=[The file “iTunes Library.itl” does not appear to be a valid iTunes library file. iTunes has created a new iTunes library and renamed this file to “iTunes Library (Damaged).itl”.]
2026-09-11T01:58:42.202Z | UNEXPECTED_DIALOG_NO_CLICK title=[iTunes] text=[The file “iTunes Library.itl” does not appear to be a valid iTunes library file. iTunes has created a new iTunes library and renamed this file to “iTunes Library (Damaged).itl”.]
2026-09-11T01:58:42.905Z | sla_dialog_seen=False
2026-09-11T01:58:42.905Z | audio_dialog_seen=True
2026-09-11T01:58:42.906Z | main_window_ready=False
2026-09-11T01:59:21.072Z | com_attempt=1 error=Retrieving the COM class factory for component with CLSID {DC0C2640-1415-4644-875C-6F4D769839BA} failed due to the following error: 80080005 Server execution failed (0x80080005 (CO_E_SERVER_EXEC_FAILURE)).
2026-09-11T02:00:04.238Z | com_attempt=2 error=Retrieving the COM class factory for component with CLSID {DC0C2640-1415-4644-875C-6F4D769839BA} failed due to the following error: 80080005 Server execution failed (0x80080005 (CO_E_SERVER_EXEC_FAILURE)).
2026-09-11T02:00:47.390Z | com_attempt=3 error=Retrieving the COM class factory for component with CLSID {DC0C2640-1415-4644-875C-6F4D769839BA} failed due to the following error: 80080005 Server execution failed (0x80080005 (CO_E_SERVER_EXEC_FAILURE)).
2026-09-11T02:01:30.561Z | com_attempt=4 error=Retrieving the COM class factory for component with CLSID {DC0C2640-1415-4644-875C-6F4D769839BA} failed due to the following error: 80080005 Server execution failed (0x80080005 (CO_E_SERVER_EXEC_FAILURE)).
2026-09-11T02:02:13.763Z | com_attempt=5 error=Retrieving the COM class factory for component with CLSID {DC0C2640-1415-4644-875C-6F4D769839BA} failed due to the following error: 80080005 Server execution failed (0x80080005 (CO_E_SERVER_EXEC_FAILURE)).
2026-09-11T02:02:56.932Z | com_attempt=6 error=Retrieving the COM class factory for component with CLSID {DC0C2640-1415-4644-875C-6F4D769839BA} failed due to the following error: 80080005 Server execution failed (0x80080005 (CO_E_SERVER_EXEC_FAILURE)).
2026-09-11T02:03:01.937Z | COM_UNAVAILABLE
2026-09-11T02:05:02.447Z | itunes_running_after_quit=1
2026-09-11T02:05:02.452Z | libcount[postquit]=5
2026-09-11T02:05:02.452Z | libfile[postquit]=<CI_ROOT_WIN>\itl-g4\native\libs\lib01\iTunes Library (Damaged).itl|3392|367B8E422A258B9E3500B460FE045A7336CFE8C824F03890C39351CB6BBD1047|2026-09-11T01:56:11.4859636Z
2026-09-11T02:05:02.453Z | libfile[postquit]=<CI_ROOT_WIN>\itl-g4\native\libs\lib01\iTunes Library Extras.itdb|16384|E81C65A40381FD5572082602716F1F7D901969A7ED4DA1883798805AAF1EAEA9|2026-09-11T01:51:51.6360354Z
2026-09-11T02:05:02.453Z | libfile[postquit]=<CI_ROOT_WIN>\itl-g4\native\libs\lib01\iTunes Library Genius.itdb|32768|7E44D70D8161177724EFD1844038622DBEF1228EBA1E1487AE732A740FA93A06|2026-09-11T00:45:44.8693723Z
2026-09-11T02:05:02.454Z | libfile[postquit]=<CI_ROOT_WIN>\itl-g4\native\libs\lib01\sentinel|8|99D6BAFF24C0C641B9AC9B9BEEE1057F0B0E45AE009CC44F52C46121FD3019F1|2026-09-11T01:51:55.4396302Z
2026-09-11T02:05:02.454Z | libfile[postquit]=<CI_ROOT_WIN>\itl-g4\native\libs\lib01\iTunes Media\.iTunes Preferences.plist|305|C1F829DC83DC4614EEE329805EE1B5E68F8079C75456308F2D8DB51496E04E30|2026-09-11T00:45:44.8734401Z
2026-09-11T02:05:02.464Z | capture_plist=<CI_ROOT_WIN>\itl-g4\native\captures\com.apple.iTunes.exp02-corrupt.plist|106610|BC8681D2687A7B293D7EB3F2E826B3049A01E94D9501C6444CCD8A7D1B19F9CE
2026-09-11T02:05:02.464Z | DONE_SESSION tag=exp02-corrupt
