2026-09-11T01:51:23.969Z | session_start tag=exp01-open import=[]
2026-09-11T01:51:24.001Z | libcount[prelaunch]=5
2026-09-11T01:51:24.011Z | libfile[prelaunch]=<CI_ROOT_WIN>\itl-g4\native\libs\lib01\iTunes Library Extras.itdb|16384|62F4C31CCBF44F052FFB19C79B0B23BF93F8A6F2C436126546A153BCC159903A|2026-09-11T00:54:08.1131964Z
2026-09-11T01:51:24.012Z | libfile[prelaunch]=<CI_ROOT_WIN>\itl-g4\native\libs\lib01\iTunes Library Genius.itdb|32768|7E44D70D8161177724EFD1844038622DBEF1228EBA1E1487AE732A740FA93A06|2026-09-11T00:45:44.8693723Z
2026-09-11T01:51:24.013Z | libfile[prelaunch]=<CI_ROOT_WIN>\itl-g4\native\libs\lib01\iTunes Library.itl|3392|7D86F19F6709AF30CDC303C7D2F7E98DC606552FB1792D78FF6CB01AE3EE9754|2026-09-11T01:47:18.7474342Z
2026-09-11T01:51:24.014Z | libfile[prelaunch]=<CI_ROOT_WIN>\itl-g4\native\libs\lib01\sentinel|8|99D6BAFF24C0C641B9AC9B9BEEE1057F0B0E45AE009CC44F52C46121FD3019F1|2026-09-11T00:54:11.9295146Z
2026-09-11T01:51:24.014Z | libfile[prelaunch]=<CI_ROOT_WIN>\itl-g4\native\libs\lib01\iTunes Media\.iTunes Preferences.plist|305|C1F829DC83DC4614EEE329805EE1B5E68F8079C75456308F2D8DB51496E04E30|2026-09-11T00:45:44.8734401Z
2026-09-11T01:51:24.020Z | itl_prelaunch=3392|7D86F19F6709AF30CDC303C7D2F7E98DC606552FB1792D78FF6CB01AE3EE9754
2026-09-11T01:51:24.057Z | launched_pid=3412
2026-09-11T01:51:24.826Z | window hwnd=328202 class=[iTunesCustomModalDialog] title=[iTunes]
2026-09-11T01:51:25.094Z | clicked_ok_audio text=[iTunes has detected a problem with your audio configuration. / Audio/Video playback may not operate properly.]
2026-09-11T01:51:29.238Z | window hwnd=1442280 class=[iTunes] title=[iTunes]
2026-09-11T01:51:29.240Z | sla_dialog_seen=False
2026-09-11T01:51:29.240Z | audio_dialog_seen=True
2026-09-11T01:51:29.241Z | main_window_ready=True
2026-09-11T01:51:29.248Z | com_create=ok attempt=1
2026-09-11T01:51:29.309Z | com[open] version=12.13.11.1
2026-09-11T01:51:29.314Z | com[open] xmlpath=[]
2026-09-11T01:51:29.331Z | com[open] playlist_count=7
2026-09-11T01:51:29.389Z | com[open] playlist idx=1 name=[Library] kind=1 special= tracks=1
2026-09-11T01:51:29.409Z | com[open] playlist idx=2 name=[Music] kind=2 special=6 tracks=1
2026-09-11T01:51:29.413Z | com[open] playlist idx=3 name=[Movies] kind=2 special=7 tracks=0
2026-09-11T01:51:29.417Z | com[open] playlist idx=4 name=[TV Shows] kind=2 special=8 tracks=0
2026-09-11T01:51:29.420Z | com[open] playlist idx=5 name=[Podcasts] kind=2 special=3 tracks=0
2026-09-11T01:51:29.424Z | com[open] playlist idx=6 name=[Audiobooks] kind=2 special=9 tracks=0
2026-09-11T01:51:29.427Z | com[open] playlist idx=7 name=[Genius] kind=2 special=11 tracks=0
2026-09-11T01:51:29.432Z | com[open] library_track_count=1
2026-09-11T01:51:29.498Z | com[open] track idx=1 dbid=71 pid_high=-984675010 pid_low=-2082743793 name=[a10-tone-440hz-2s] artist=[] album=[] kind=[WAV audio file] size=176444 dur=2 loc=[<CI_ROOT_WIN>\itl-g4\native\media\a10-tone-440hz-2s.wav]
2026-09-11T01:51:29.503Z | quit_begin
2026-09-11T01:51:29.507Z | quit_called=ok
2026-09-11T01:51:34.840Z | itunes_running_after_quit=0
2026-09-11T01:51:34.844Z | libcount[postquit]=5
2026-09-11T01:51:34.845Z | libfile[postquit]=<CI_ROOT_WIN>\itl-g4\native\libs\lib01\iTunes Library Extras.itdb|16384|2E9522AA52EF5A747BAC678E5A757999C572B2A376B7808F71E0A3FA7285745A|2026-09-11T01:51:28.1969545Z
2026-09-11T01:51:34.846Z | libfile[postquit]=<CI_ROOT_WIN>\itl-g4\native\libs\lib01\iTunes Library Genius.itdb|32768|7E44D70D8161177724EFD1844038622DBEF1228EBA1E1487AE732A740FA93A06|2026-09-11T00:45:44.8693723Z
2026-09-11T01:51:34.847Z | libfile[postquit]=<CI_ROOT_WIN>\itl-g4\native\libs\lib01\iTunes Library.itl|4525|56430C181F8CD3723C14A55EF1659A6A5D692FD46EA05927B5F3AD8AAFB7A8AD|2026-09-11T01:51:32.6148873Z
2026-09-11T01:51:34.847Z | libfile[postquit]=<CI_ROOT_WIN>\itl-g4\native\libs\lib01\sentinel|8|99D6BAFF24C0C641B9AC9B9BEEE1057F0B0E45AE009CC44F52C46121FD3019F1|2026-09-11T01:51:32.6186624Z
2026-09-11T01:51:34.848Z | libfile[postquit]=<CI_ROOT_WIN>\itl-g4\native\libs\lib01\iTunes Media\.iTunes Preferences.plist|305|C1F829DC83DC4614EEE329805EE1B5E68F8079C75456308F2D8DB51496E04E30|2026-09-11T00:45:44.8734401Z
2026-09-11T01:51:34.854Z | capture_itl=<CI_ROOT_WIN>\itl-g4\native\captures\lib01-exp01-open.itl|4525|56430C181F8CD3723C14A55EF1659A6A5D692FD46EA05927B5F3AD8AAFB7A8AD
2026-09-11T01:51:34.856Z | capture_plist=<CI_ROOT_WIN>\itl-g4\native\captures\com.apple.iTunes.exp01-open.plist|106610|BC8681D2687A7B293D7EB3F2E826B3049A01E94D9501C6444CCD8A7D1B19F9CE
2026-09-11T01:51:34.856Z | DONE_SESSION tag=exp01-open
