2026-09-11T01:51:47.439Z | session_start tag=exp01-restart2 import=[]
2026-09-11T01:51:47.476Z | libcount[prelaunch]=5
2026-09-11T01:51:47.486Z | libfile[prelaunch]=<CI_ROOT_WIN>\itl-g4\native\libs\lib01\iTunes Library Extras.itdb|16384|0713339C500A052C3EA7258EEACC9E7106DA946F25C5FACE0059174EB1308772|2026-09-11T01:51:40.1062909Z
2026-09-11T01:51:47.487Z | libfile[prelaunch]=<CI_ROOT_WIN>\itl-g4\native\libs\lib01\iTunes Library Genius.itdb|32768|7E44D70D8161177724EFD1844038622DBEF1228EBA1E1487AE732A740FA93A06|2026-09-11T00:45:44.8693723Z
2026-09-11T01:51:47.488Z | libfile[prelaunch]=<CI_ROOT_WIN>\itl-g4\native\libs\lib01\iTunes Library.itl|4524|A9F3644B0E2D5D57BD02208E122CC1E1D8A06CCC08D721CA636D98DF748C2538|2026-09-11T01:51:43.8402180Z
2026-09-11T01:51:47.489Z | libfile[prelaunch]=<CI_ROOT_WIN>\itl-g4\native\libs\lib01\sentinel|8|99D6BAFF24C0C641B9AC9B9BEEE1057F0B0E45AE009CC44F52C46121FD3019F1|2026-09-11T01:51:43.8436894Z
2026-09-11T01:51:47.489Z | libfile[prelaunch]=<CI_ROOT_WIN>\itl-g4\native\libs\lib01\iTunes Media\.iTunes Preferences.plist|305|C1F829DC83DC4614EEE329805EE1B5E68F8079C75456308F2D8DB51496E04E30|2026-09-11T00:45:44.8734401Z
2026-09-11T01:51:47.495Z | itl_prelaunch=4524|A9F3644B0E2D5D57BD02208E122CC1E1D8A06CCC08D721CA636D98DF748C2538
2026-09-11T01:51:47.532Z | launched_pid=6248
2026-09-11T01:51:48.289Z | window hwnd=786964 class=[iTunesCustomModalDialog] title=[iTunes]
2026-09-11T01:51:48.559Z | clicked_ok_audio text=[iTunes has detected a problem with your audio configuration. / Audio/Video playback may not operate properly.]
2026-09-11T01:51:51.989Z | window hwnd=655858 class=[iTunes] title=[iTunes]
2026-09-11T01:51:51.991Z | sla_dialog_seen=False
2026-09-11T01:51:51.991Z | audio_dialog_seen=True
2026-09-11T01:51:51.992Z | main_window_ready=True
2026-09-11T01:51:51.997Z | com_create=ok attempt=1
2026-09-11T01:51:52.132Z | com[open] version=12.13.11.1
2026-09-11T01:51:52.137Z | com[open] xmlpath=[]
2026-09-11T01:51:52.154Z | com[open] playlist_count=7
2026-09-11T01:51:52.213Z | com[open] playlist idx=1 name=[Library] kind=1 special= tracks=1
2026-09-11T01:51:52.234Z | com[open] playlist idx=2 name=[Music] kind=2 special=6 tracks=1
2026-09-11T01:51:52.238Z | com[open] playlist idx=3 name=[Movies] kind=2 special=7 tracks=0
2026-09-11T01:51:52.241Z | com[open] playlist idx=4 name=[TV Shows] kind=2 special=8 tracks=0
2026-09-11T01:51:52.245Z | com[open] playlist idx=5 name=[Podcasts] kind=2 special=3 tracks=0
2026-09-11T01:51:52.249Z | com[open] playlist idx=6 name=[Audiobooks] kind=2 special=9 tracks=0
2026-09-11T01:51:52.252Z | com[open] playlist idx=7 name=[Genius] kind=2 special=11 tracks=0
2026-09-11T01:51:52.258Z | com[open] library_track_count=1
2026-09-11T01:51:52.324Z | com[open] track idx=1 dbid=71 pid_high=-984675010 pid_low=-2082743793 name=[a10-tone-440hz-2s] artist=[] album=[] kind=[WAV audio file] size=176444 dur=2 loc=[<CI_ROOT_WIN>\itl-g4\native\media\a10-tone-440hz-2s.wav]
2026-09-11T01:51:52.328Z | quit_begin
2026-09-11T01:51:52.332Z | quit_called=ok
2026-09-11T01:51:57.949Z | itunes_running_after_quit=0
2026-09-11T01:51:57.953Z | libcount[postquit]=5
2026-09-11T01:51:57.954Z | libfile[postquit]=<CI_ROOT_WIN>\itl-g4\native\libs\lib01\iTunes Library Extras.itdb|16384|E81C65A40381FD5572082602716F1F7D901969A7ED4DA1883798805AAF1EAEA9|2026-09-11T01:51:51.6360354Z
2026-09-11T01:51:57.954Z | libfile[postquit]=<CI_ROOT_WIN>\itl-g4\native\libs\lib01\iTunes Library Genius.itdb|32768|7E44D70D8161177724EFD1844038622DBEF1228EBA1E1487AE732A740FA93A06|2026-09-11T00:45:44.8693723Z
2026-09-11T01:51:57.955Z | libfile[postquit]=<CI_ROOT_WIN>\itl-g4\native\libs\lib01\iTunes Library.itl|4525|02A66A8170BD710E40BA1EEDDC0929EF636E43FCDB7C9F00003F2A21D7928C06|2026-09-11T01:51:55.4358547Z
2026-09-11T01:51:57.956Z | libfile[postquit]=<CI_ROOT_WIN>\itl-g4\native\libs\lib01\sentinel|8|99D6BAFF24C0C641B9AC9B9BEEE1057F0B0E45AE009CC44F52C46121FD3019F1|2026-09-11T01:51:55.4396302Z
2026-09-11T01:51:57.957Z | libfile[postquit]=<CI_ROOT_WIN>\itl-g4\native\libs\lib01\iTunes Media\.iTunes Preferences.plist|305|C1F829DC83DC4614EEE329805EE1B5E68F8079C75456308F2D8DB51496E04E30|2026-09-11T00:45:44.8734401Z
2026-09-11T01:51:57.963Z | capture_itl=<CI_ROOT_WIN>\itl-g4\native\captures\lib01-exp01-restart2.itl|4525|02A66A8170BD710E40BA1EEDDC0929EF636E43FCDB7C9F00003F2A21D7928C06
2026-09-11T01:51:57.965Z | capture_plist=<CI_ROOT_WIN>\itl-g4\native\captures\com.apple.iTunes.exp01-restart2.plist|106610|BC8681D2687A7B293D7EB3F2E826B3049A01E94D9501C6444CCD8A7D1B19F9CE
2026-09-11T01:51:57.965Z | DONE_SESSION tag=exp01-restart2
