2026-09-11T01:51:35.889Z | session_start tag=exp01-restart1 import=[]
2026-09-11T01:51:35.924Z | libcount[prelaunch]=5
2026-09-11T01:51:35.933Z | libfile[prelaunch]=<CI_ROOT_WIN>\itl-g4\native\libs\lib01\iTunes Library Extras.itdb|16384|2E9522AA52EF5A747BAC678E5A757999C572B2A376B7808F71E0A3FA7285745A|2026-09-11T01:51:28.1969545Z
2026-09-11T01:51:35.934Z | libfile[prelaunch]=<CI_ROOT_WIN>\itl-g4\native\libs\lib01\iTunes Library Genius.itdb|32768|7E44D70D8161177724EFD1844038622DBEF1228EBA1E1487AE732A740FA93A06|2026-09-11T00:45:44.8693723Z
2026-09-11T01:51:35.935Z | libfile[prelaunch]=<CI_ROOT_WIN>\itl-g4\native\libs\lib01\iTunes Library.itl|4525|56430C181F8CD3723C14A55EF1659A6A5D692FD46EA05927B5F3AD8AAFB7A8AD|2026-09-11T01:51:32.6148873Z
2026-09-11T01:51:35.936Z | libfile[prelaunch]=<CI_ROOT_WIN>\itl-g4\native\libs\lib01\sentinel|8|99D6BAFF24C0C641B9AC9B9BEEE1057F0B0E45AE009CC44F52C46121FD3019F1|2026-09-11T01:51:32.6186624Z
2026-09-11T01:51:35.936Z | libfile[prelaunch]=<CI_ROOT_WIN>\itl-g4\native\libs\lib01\iTunes Media\.iTunes Preferences.plist|305|C1F829DC83DC4614EEE329805EE1B5E68F8079C75456308F2D8DB51496E04E30|2026-09-11T00:45:44.8734401Z
2026-09-11T01:51:35.942Z | itl_prelaunch=4525|56430C181F8CD3723C14A55EF1659A6A5D692FD46EA05927B5F3AD8AAFB7A8AD
2026-09-11T01:51:35.977Z | launched_pid=8348
2026-09-11T01:51:36.730Z | window hwnd=786924 class=[iTunesCustomModalDialog] title=[iTunes]
2026-09-11T01:51:37.001Z | clicked_ok_audio text=[iTunes has detected a problem with your audio configuration. / Audio/Video playback may not operate properly.]
2026-09-11T01:51:40.441Z | window hwnd=852318 class=[iTunes] title=[iTunes]
2026-09-11T01:51:40.443Z | sla_dialog_seen=False
2026-09-11T01:51:40.443Z | audio_dialog_seen=True
2026-09-11T01:51:40.444Z | main_window_ready=True
2026-09-11T01:51:40.450Z | com_create=ok attempt=1
2026-09-11T01:51:40.539Z | com[open] version=12.13.11.1
2026-09-11T01:51:40.544Z | com[open] xmlpath=[]
2026-09-11T01:51:40.562Z | com[open] playlist_count=7
2026-09-11T01:51:40.620Z | com[open] playlist idx=1 name=[Library] kind=1 special= tracks=1
2026-09-11T01:51:40.641Z | com[open] playlist idx=2 name=[Music] kind=2 special=6 tracks=1
2026-09-11T01:51:40.644Z | com[open] playlist idx=3 name=[Movies] kind=2 special=7 tracks=0
2026-09-11T01:51:40.648Z | com[open] playlist idx=4 name=[TV Shows] kind=2 special=8 tracks=0
2026-09-11T01:51:40.652Z | com[open] playlist idx=5 name=[Podcasts] kind=2 special=3 tracks=0
2026-09-11T01:51:40.655Z | com[open] playlist idx=6 name=[Audiobooks] kind=2 special=9 tracks=0
2026-09-11T01:51:40.659Z | com[open] playlist idx=7 name=[Genius] kind=2 special=11 tracks=0
2026-09-11T01:51:40.664Z | com[open] library_track_count=1
2026-09-11T01:51:40.729Z | com[open] track idx=1 dbid=71 pid_high=-984675010 pid_low=-2082743793 name=[a10-tone-440hz-2s] artist=[] album=[] kind=[WAV audio file] size=176444 dur=2 loc=[<CI_ROOT_WIN>\itl-g4\native\media\a10-tone-440hz-2s.wav]
2026-09-11T01:51:40.733Z | quit_begin
2026-09-11T01:51:40.737Z | quit_called=ok
2026-09-11T01:51:46.475Z | itunes_running_after_quit=0
2026-09-11T01:51:46.479Z | libcount[postquit]=5
2026-09-11T01:51:46.480Z | libfile[postquit]=<CI_ROOT_WIN>\itl-g4\native\libs\lib01\iTunes Library Extras.itdb|16384|0713339C500A052C3EA7258EEACC9E7106DA946F25C5FACE0059174EB1308772|2026-09-11T01:51:40.1062909Z
2026-09-11T01:51:46.480Z | libfile[postquit]=<CI_ROOT_WIN>\itl-g4\native\libs\lib01\iTunes Library Genius.itdb|32768|7E44D70D8161177724EFD1844038622DBEF1228EBA1E1487AE732A740FA93A06|2026-09-11T00:45:44.8693723Z
2026-09-11T01:51:46.481Z | libfile[postquit]=<CI_ROOT_WIN>\itl-g4\native\libs\lib01\iTunes Library.itl|4524|A9F3644B0E2D5D57BD02208E122CC1E1D8A06CCC08D721CA636D98DF748C2538|2026-09-11T01:51:43.8402180Z
2026-09-11T01:51:46.482Z | libfile[postquit]=<CI_ROOT_WIN>\itl-g4\native\libs\lib01\sentinel|8|99D6BAFF24C0C641B9AC9B9BEEE1057F0B0E45AE009CC44F52C46121FD3019F1|2026-09-11T01:51:43.8436894Z
2026-09-11T01:51:46.483Z | libfile[postquit]=<CI_ROOT_WIN>\itl-g4\native\libs\lib01\iTunes Media\.iTunes Preferences.plist|305|C1F829DC83DC4614EEE329805EE1B5E68F8079C75456308F2D8DB51496E04E30|2026-09-11T00:45:44.8734401Z
2026-09-11T01:51:46.489Z | capture_itl=<CI_ROOT_WIN>\itl-g4\native\captures\lib01-exp01-restart1.itl|4524|A9F3644B0E2D5D57BD02208E122CC1E1D8A06CCC08D721CA636D98DF748C2538
2026-09-11T01:51:46.491Z | capture_plist=<CI_ROOT_WIN>\itl-g4\native\captures\com.apple.iTunes.exp01-restart1.plist|106610|BC8681D2687A7B293D7EB3F2E826B3049A01E94D9501C6444CCD8A7D1B19F9CE
2026-09-11T01:51:46.491Z | DONE_SESSION tag=exp01-restart1
