libcount[prelaunch]=4
prefile iTunes Library Extras.itdb 16384
prefile iTunes Library Genius.itdb 32768
prefile iTunes Library.itl 4611
prefile sentinel 8
launched pid=4920
sla_dialog_seen=False
audio_dialog_seen=True
main_window_ready=True
com_create=ok attempt=1
com[exp06-restart2] version=12.13.11.1
com[exp06-restart2] playlist_count=7
com[exp06-restart2] library_track_count=1
com[exp06-restart2] track idx=1 dbid=71 name=[exp05b-renamed-by-itlkit] artist=[exp05b artist] album=[exp05b album] kind=[WAV audio file] size=176444 dur=2
quit_wait_seconds=4
libcount[postquit]=4
postfile iTunes Library Extras.itdb 16384 e81c65a40381fd5572082602716f1f7d901969a7ed4da1883798805aaf1eaea9
postfile iTunes Library Genius.itdb 32768 7d056d5b2cb1128c5195c78361ac90b509a1377de37e8667333cfaaa4e4fe5d3
postfile iTunes Library.itl 4610 deacad78bebb36f0f4747635ae8b57634b765bf2c19e07e5a1310d86d1d7b323
postfile sentinel 8 747822144bb0f4eb463080b4e45eccad7b89762b2ccaeddf278010774a620b75
DONE_SESSION tag=exp06-restart2

