libcount[prelaunch]=4
prefile iTunes Library Extras.itdb 16384
prefile iTunes Library Genius.itdb 32768
prefile iTunes Library.itl 3455
prefile sentinel 8
launched pid=1420
sla_dialog_seen=False
audio_dialog_seen=True
main_window_ready=True
com_create=ok attempt=1
com[exp06-open] version=12.13.11.1
com[exp06-open] playlist_count=7
com[exp06-open] library_track_count=1
com[exp06-open] track idx=1 dbid=71 name=[exp05b-renamed-by-itlkit] artist=[exp05b artist] album=[exp05b album] kind=[WAV audio file] size=176444 dur=2
quit_wait_seconds=4
libcount[postquit]=4
postfile iTunes Library Extras.itdb 16384 2e9522aa52ef5a747bac678e5a757999c572b2a376b7808f71e0a3fa7285745a
postfile iTunes Library Genius.itdb 32768 7d056d5b2cb1128c5195c78361ac90b509a1377de37e8667333cfaaa4e4fe5d3
postfile iTunes Library.itl 4610 6197d404553d281d9e6ca4cbca5f9022bdd91358c4daa13b14be03db6bcdd865
postfile sentinel 8 747822144bb0f4eb463080b4e45eccad7b89762b2ccaeddf278010774a620b75
DONE_SESSION tag=exp06-open

