2026-09-11T02:28:13.527Z | session_start tag=exp03-open import=[]
2026-09-11T02:28:13.557Z | libcount[prelaunch]=5
2026-09-11T02:28:13.565Z | libfile[prelaunch]=<CI_ROOT_WIN>\native\libs\lib01\iTunes Library Extras.itdb|16384|62951C0D201EF74F911886247293CD3B45A1685285DB6297DDAF749F89BBED91|2026-09-11T02:15:07.7034571Z
2026-09-11T02:28:13.566Z | libfile[prelaunch]=<CI_ROOT_WIN>\native\libs\lib01\iTunes Library Genius.itdb|32768|7E44D70D8161177724EFD1844038622DBEF1228EBA1E1487AE732A740FA93A06|2026-09-11T00:45:44.8693723Z
2026-09-11T02:28:13.567Z | libfile[prelaunch]=<CI_ROOT_WIN>\native\libs\lib01\iTunes Library.itl|3520|109A09644C3A27D3A297F004C4C6CC9874C06974A16C153FA95EBFB7122406C6|2026-09-11T02:26:14.8029853Z
2026-09-11T02:28:13.568Z | libfile[prelaunch]=<CI_ROOT_WIN>\native\libs\lib01\sentinel|8|99D6BAFF24C0C641B9AC9B9BEEE1057F0B0E45AE009CC44F52C46121FD3019F1|2026-09-11T02:15:11.4445754Z
2026-09-11T02:28:13.569Z | libfile[prelaunch]=<CI_ROOT_WIN>\native\libs\lib01\iTunes Media\.iTunes Preferences.plist|305|C1F829DC83DC4614EEE329805EE1B5E68F8079C75456308F2D8DB51496E04E30|2026-09-11T00:45:44.8734401Z
2026-09-11T02:28:13.571Z | itl_prelaunch=3520|109A09644C3A27D3A297F004C4C6CC9874C06974A16C153FA95EBFB7122406C6
2026-09-11T02:28:13.609Z | launched_pid=4208
2026-09-11T02:28:14.359Z | window hwnd=1245498 class=[iTunesCustomModalDialog] title=[iTunes]
2026-09-11T02:28:14.622Z | clicked_ok_audio text=[iTunes has detected a problem with your audio configuration. / Audio/Video playback may not operate properly.]
2026-09-11T02:28:18.054Z | window hwnd=852496 class=[iTunes] title=[iTunes]
2026-09-11T02:28:18.055Z | sla_dialog_seen=False
2026-09-11T02:28:18.056Z | audio_dialog_seen=True
2026-09-11T02:28:18.056Z | main_window_ready=True
2026-09-11T02:28:18.062Z | com_create=ok attempt=1
2026-09-11T02:28:18.144Z | com[open] version=12.13.11.1
2026-09-11T02:28:18.149Z | com[open] xmlpath=[]
2026-09-11T02:28:18.170Z | com[open] playlist_count=8
2026-09-11T02:28:18.231Z | com[open] playlist idx=1 name=[Library] kind=1 special= tracks=1
2026-09-11T02:28:18.251Z | com[open] playlist idx=2 name=[Music] kind=2 special=6 tracks=1
2026-09-11T02:28:18.255Z | com[open] playlist idx=3 name=[Movies] kind=2 special=7 tracks=0
2026-09-11T02:28:18.258Z | com[open] playlist idx=4 name=[TV Shows] kind=2 special=8 tracks=0
2026-09-11T02:28:18.262Z | com[open] playlist idx=5 name=[Podcasts] kind=2 special=3 tracks=0
2026-09-11T02:28:18.265Z | com[open] playlist idx=6 name=[Audiobooks] kind=2 special=9 tracks=0
2026-09-11T02:28:18.270Z | com[open] playlist idx=7 name=[Genius] kind=2 special=11 tracks=0
2026-09-11T02:28:18.273Z | com[open] playlist idx=8 name=[exp03-itlkit-playlist] kind=2 special=0 tracks=1
2026-09-11T02:28:18.278Z | com[open] library_track_count=1
2026-09-11T02:28:18.342Z | com[open] track idx=1 dbid=71 pid_high=-984675010 pid_low=-2082743793 name=[a10-tone-440hz-2s] artist=[] album=[] kind=[WAV audio file] size=176444 dur=2 loc=[<CI_ROOT_WIN>\native\media\a10-tone-440hz-2s.wav]
2026-09-11T02:28:18.346Z | quit_begin
2026-09-11T02:28:18.350Z | quit_called=ok
2026-09-11T02:28:24.058Z | itunes_running_after_quit=0
2026-09-11T02:28:24.061Z | libcount[postquit]=5
2026-09-11T02:28:24.062Z | libfile[postquit]=<CI_ROOT_WIN>\native\libs\lib01\iTunes Library Extras.itdb|16384|E0E57D4FC17632A6B6AEEF5A124E499F7255BEF7AD3D2B38E8B89909EF210C20|2026-09-11T02:28:17.7030994Z
2026-09-11T02:28:24.062Z | libfile[postquit]=<CI_ROOT_WIN>\native\libs\lib01\iTunes Library Genius.itdb|32768|7E44D70D8161177724EFD1844038622DBEF1228EBA1E1487AE732A740FA93A06|2026-09-11T00:45:44.8693723Z
2026-09-11T02:28:24.063Z | libfile[postquit]=<CI_ROOT_WIN>\native\libs\lib01\iTunes Library.itl|4709|125B6FAFC76327FE59CD8A13376930BDACB6C6BB7084AED4D3D05F5B37A81ADE|2026-09-11T02:28:21.4611226Z
2026-09-11T02:28:24.063Z | libfile[postquit]=<CI_ROOT_WIN>\native\libs\lib01\sentinel|8|99D6BAFF24C0C641B9AC9B9BEEE1057F0B0E45AE009CC44F52C46121FD3019F1|2026-09-11T02:28:21.4631380Z
2026-09-11T02:28:24.064Z | libfile[postquit]=<CI_ROOT_WIN>\native\libs\lib01\iTunes Media\.iTunes Preferences.plist|305|C1F829DC83DC4614EEE329805EE1B5E68F8079C75456308F2D8DB51496E04E30|2026-09-11T00:45:44.8734401Z
2026-09-11T02:28:24.067Z | capture_itl=<CI_ROOT_WIN>\native\captures\lib01-exp03-open.itl|4709|125B6FAFC76327FE59CD8A13376930BDACB6C6BB7084AED4D3D05F5B37A81ADE
2026-09-11T02:28:24.068Z | capture_plist=<CI_ROOT_WIN>\native\captures\com.apple.iTunes.exp03-open.plist|106610|BC8681D2687A7B293D7EB3F2E826B3049A01E94D9501C6444CCD8A7D1B19F9CE
2026-09-11T02:28:24.068Z | DONE_SESSION tag=exp03-open
