2026-09-11T02:28:24.077Z | session_start tag=exp03-restart1 import=[]
2026-09-11T02:28:24.081Z | libcount[prelaunch]=5
2026-09-11T02:28:24.082Z | libfile[prelaunch]=<CI_ROOT_WIN>\native\libs\lib01\iTunes Library Extras.itdb|16384|E0E57D4FC17632A6B6AEEF5A124E499F7255BEF7AD3D2B38E8B89909EF210C20|2026-09-11T02:28:17.7030994Z
2026-09-11T02:28:24.082Z | libfile[prelaunch]=<CI_ROOT_WIN>\native\libs\lib01\iTunes Library Genius.itdb|32768|7E44D70D8161177724EFD1844038622DBEF1228EBA1E1487AE732A740FA93A06|2026-09-11T00:45:44.8693723Z
2026-09-11T02:28:24.083Z | libfile[prelaunch]=<CI_ROOT_WIN>\native\libs\lib01\iTunes Library.itl|4709|125B6FAFC76327FE59CD8A13376930BDACB6C6BB7084AED4D3D05F5B37A81ADE|2026-09-11T02:28:21.4611226Z
2026-09-11T02:28:24.083Z | libfile[prelaunch]=<CI_ROOT_WIN>\native\libs\lib01\sentinel|8|99D6BAFF24C0C641B9AC9B9BEEE1057F0B0E45AE009CC44F52C46121FD3019F1|2026-09-11T02:28:21.4631380Z
2026-09-11T02:28:24.083Z | libfile[prelaunch]=<CI_ROOT_WIN>\native\libs\lib01\iTunes Media\.iTunes Preferences.plist|305|C1F829DC83DC4614EEE329805EE1B5E68F8079C75456308F2D8DB51496E04E30|2026-09-11T00:45:44.8734401Z
2026-09-11T02:28:24.084Z | itl_prelaunch=4709|125B6FAFC76327FE59CD8A13376930BDACB6C6BB7084AED4D3D05F5B37A81ADE
2026-09-11T02:28:24.090Z | launched_pid=2756
2026-09-11T02:28:24.795Z | window hwnd=1310834 class=[iTunesCustomModalDialog] title=[iTunes]
2026-09-11T02:28:25.053Z | clicked_ok_audio text=[iTunes has detected a problem with your audio configuration. / Audio/Video playback may not operate properly.]
2026-09-11T02:28:28.475Z | window hwnd=1245572 class=[iTunes] title=[iTunes]
2026-09-11T02:28:28.475Z | sla_dialog_seen=False
2026-09-11T02:28:28.476Z | audio_dialog_seen=True
2026-09-11T02:28:28.476Z | main_window_ready=True
2026-09-11T02:28:28.490Z | com_create=ok attempt=1
2026-09-11T02:28:28.497Z | com[open] version=12.13.11.1
2026-09-11T02:28:28.498Z | com[open] xmlpath=[]
2026-09-11T02:28:28.500Z | com[open] playlist_count=8
2026-09-11T02:28:28.520Z | com[open] playlist idx=1 name=[Library] kind=1 special= tracks=1
2026-09-11T02:28:28.524Z | com[open] playlist idx=2 name=[Music] kind=2 special=6 tracks=1
2026-09-11T02:28:28.528Z | com[open] playlist idx=3 name=[Movies] kind=2 special=7 tracks=0
2026-09-11T02:28:28.531Z | com[open] playlist idx=4 name=[TV Shows] kind=2 special=8 tracks=0
2026-09-11T02:28:28.534Z | com[open] playlist idx=5 name=[Podcasts] kind=2 special=3 tracks=0
2026-09-11T02:28:28.538Z | com[open] playlist idx=6 name=[Audiobooks] kind=2 special=9 tracks=0
2026-09-11T02:28:28.542Z | com[open] playlist idx=7 name=[Genius] kind=2 special=11 tracks=0
2026-09-11T02:28:28.547Z | com[open] playlist idx=8 name=[exp03-itlkit-playlist] kind=2 special=0 tracks=1
2026-09-11T02:28:28.549Z | com[open] library_track_count=1
2026-09-11T02:28:28.554Z | com[open] track idx=1 dbid=71 pid_high=-984675010 pid_low=-2082743793 name=[a10-tone-440hz-2s] artist=[] album=[] kind=[WAV audio file] size=176444 dur=2 loc=[<CI_ROOT_WIN>\native\media\a10-tone-440hz-2s.wav]
2026-09-11T02:28:28.555Z | quit_begin
2026-09-11T02:28:28.581Z | quit_called=ok
2026-09-11T02:28:34.422Z | itunes_running_after_quit=0
2026-09-11T02:28:34.424Z | libcount[postquit]=5
2026-09-11T02:28:34.425Z | libfile[postquit]=<CI_ROOT_WIN>\native\libs\lib01\iTunes Library Extras.itdb|16384|94A23621E35656996C796F278DE96B81BFE28B1B49EFCD860D598970B414E3B7|2026-09-11T02:28:28.1250902Z
2026-09-11T02:28:34.425Z | libfile[postquit]=<CI_ROOT_WIN>\native\libs\lib01\iTunes Library Genius.itdb|32768|7E44D70D8161177724EFD1844038622DBEF1228EBA1E1487AE732A740FA93A06|2026-09-11T00:45:44.8693723Z
2026-09-11T02:28:34.425Z | libfile[postquit]=<CI_ROOT_WIN>\native\libs\lib01\iTunes Library.itl|4709|E4B1FDB50835A577ECB808E2B5DC4CB66ED21BE4F8C74769FE1EB4F7790E4CD1|2026-09-11T02:28:31.6823928Z
2026-09-11T02:28:34.426Z | libfile[postquit]=<CI_ROOT_WIN>\native\libs\lib01\sentinel|8|99D6BAFF24C0C641B9AC9B9BEEE1057F0B0E45AE009CC44F52C46121FD3019F1|2026-09-11T02:28:31.6857043Z
2026-09-11T02:28:34.426Z | libfile[postquit]=<CI_ROOT_WIN>\native\libs\lib01\iTunes Media\.iTunes Preferences.plist|305|C1F829DC83DC4614EEE329805EE1B5E68F8079C75456308F2D8DB51496E04E30|2026-09-11T00:45:44.8734401Z
2026-09-11T02:28:34.427Z | capture_itl=<CI_ROOT_WIN>\native\captures\lib01-exp03-restart1.itl|4709|E4B1FDB50835A577ECB808E2B5DC4CB66ED21BE4F8C74769FE1EB4F7790E4CD1
2026-09-11T02:28:34.429Z | capture_plist=<CI_ROOT_WIN>\native\captures\com.apple.iTunes.exp03-restart1.plist|106610|BC8681D2687A7B293D7EB3F2E826B3049A01E94D9501C6444CCD8A7D1B19F9CE
2026-09-11T02:28:34.429Z | DONE_SESSION tag=exp03-restart1
