2026-09-11T02:28:34.436Z | session_start tag=exp03-restart2 import=[]
2026-09-11T02:28:34.440Z | libcount[prelaunch]=5
2026-09-11T02:28:34.441Z | libfile[prelaunch]=<CI_ROOT_WIN>\native\libs\lib01\iTunes Library Extras.itdb|16384|94A23621E35656996C796F278DE96B81BFE28B1B49EFCD860D598970B414E3B7|2026-09-11T02:28:28.1250902Z
2026-09-11T02:28:34.441Z | libfile[prelaunch]=<CI_ROOT_WIN>\native\libs\lib01\iTunes Library Genius.itdb|32768|7E44D70D8161177724EFD1844038622DBEF1228EBA1E1487AE732A740FA93A06|2026-09-11T00:45:44.8693723Z
2026-09-11T02:28:34.441Z | libfile[prelaunch]=<CI_ROOT_WIN>\native\libs\lib01\iTunes Library.itl|4709|E4B1FDB50835A577ECB808E2B5DC4CB66ED21BE4F8C74769FE1EB4F7790E4CD1|2026-09-11T02:28:31.6823928Z
2026-09-11T02:28:34.442Z | libfile[prelaunch]=<CI_ROOT_WIN>\native\libs\lib01\sentinel|8|99D6BAFF24C0C641B9AC9B9BEEE1057F0B0E45AE009CC44F52C46121FD3019F1|2026-09-11T02:28:31.6857043Z
2026-09-11T02:28:34.442Z | libfile[prelaunch]=<CI_ROOT_WIN>\native\libs\lib01\iTunes Media\.iTunes Preferences.plist|305|C1F829DC83DC4614EEE329805EE1B5E68F8079C75456308F2D8DB51496E04E30|2026-09-11T00:45:44.8734401Z
2026-09-11T02:28:34.442Z | itl_prelaunch=4709|E4B1FDB50835A577ECB808E2B5DC4CB66ED21BE4F8C74769FE1EB4F7790E4CD1
2026-09-11T02:28:34.448Z | launched_pid=9208
2026-09-11T02:28:35.156Z | window hwnd=1245718 class=[iTunesCustomModalDialog] title=[iTunes]
2026-09-11T02:28:35.406Z | clicked_ok_audio text=[iTunes has detected a problem with your audio configuration. / Audio/Video playback may not operate properly.]
2026-09-11T02:28:38.826Z | window hwnd=1310862 class=[iTunes] title=[iTunes]
2026-09-11T02:28:38.826Z | sla_dialog_seen=False
2026-09-11T02:28:38.826Z | audio_dialog_seen=True
2026-09-11T02:28:38.827Z | main_window_ready=True
2026-09-11T02:28:38.830Z | com_create=ok attempt=1
2026-09-11T02:28:38.835Z | com[open] version=12.13.11.1
2026-09-11T02:28:38.835Z | com[open] xmlpath=[]
2026-09-11T02:28:38.837Z | com[open] playlist_count=8
2026-09-11T02:28:38.863Z | com[open] playlist idx=1 name=[Library] kind=1 special= tracks=1
2026-09-11T02:28:38.869Z | com[open] playlist idx=2 name=[Music] kind=2 special=6 tracks=1
2026-09-11T02:28:38.874Z | com[open] playlist idx=3 name=[Movies] kind=2 special=7 tracks=0
2026-09-11T02:28:38.880Z | com[open] playlist idx=4 name=[TV Shows] kind=2 special=8 tracks=0
2026-09-11T02:28:38.885Z | com[open] playlist idx=5 name=[Podcasts] kind=2 special=3 tracks=0
2026-09-11T02:28:38.889Z | com[open] playlist idx=6 name=[Audiobooks] kind=2 special=9 tracks=0
2026-09-11T02:28:38.892Z | com[open] playlist idx=7 name=[Genius] kind=2 special=11 tracks=0
2026-09-11T02:28:38.896Z | com[open] playlist idx=8 name=[exp03-itlkit-playlist] kind=2 special=0 tracks=1
2026-09-11T02:28:38.897Z | com[open] library_track_count=1
2026-09-11T02:28:38.902Z | com[open] track idx=1 dbid=71 pid_high=-984675010 pid_low=-2082743793 name=[a10-tone-440hz-2s] artist=[] album=[] kind=[WAV audio file] size=176444 dur=2 loc=[<CI_ROOT_WIN>\native\media\a10-tone-440hz-2s.wav]
2026-09-11T02:28:38.903Z | quit_begin
2026-09-11T02:28:38.920Z | quit_called=ok
2026-09-11T02:28:44.805Z | itunes_running_after_quit=0
2026-09-11T02:28:44.807Z | libcount[postquit]=5
2026-09-11T02:28:44.808Z | libfile[postquit]=<CI_ROOT_WIN>\native\libs\lib01\iTunes Library Extras.itdb|16384|E9178FE9F0D14F97DF8830B27B0F6AFE9EE525CECF139B48A319B07D432CCFAA|2026-09-11T02:28:38.4938691Z
2026-09-11T02:28:44.809Z | libfile[postquit]=<CI_ROOT_WIN>\native\libs\lib01\iTunes Library Genius.itdb|32768|7E44D70D8161177724EFD1844038622DBEF1228EBA1E1487AE732A740FA93A06|2026-09-11T00:45:44.8693723Z
2026-09-11T02:28:44.809Z | libfile[postquit]=<CI_ROOT_WIN>\native\libs\lib01\iTunes Library.itl|4709|9810E3318CA7EE03B32CF7F6819127674A1D65CDB6007C5EA1C2F5E60773FEA2|2026-09-11T02:28:42.0157706Z
2026-09-11T02:28:44.809Z | libfile[postquit]=<CI_ROOT_WIN>\native\libs\lib01\sentinel|8|99D6BAFF24C0C641B9AC9B9BEEE1057F0B0E45AE009CC44F52C46121FD3019F1|2026-09-11T02:28:42.0177956Z
2026-09-11T02:28:44.810Z | libfile[postquit]=<CI_ROOT_WIN>\native\libs\lib01\iTunes Media\.iTunes Preferences.plist|305|C1F829DC83DC4614EEE329805EE1B5E68F8079C75456308F2D8DB51496E04E30|2026-09-11T00:45:44.8734401Z
2026-09-11T02:28:44.811Z | capture_itl=<CI_ROOT_WIN>\native\captures\lib01-exp03-restart2.itl|4709|9810E3318CA7EE03B32CF7F6819127674A1D65CDB6007C5EA1C2F5E60773FEA2
2026-09-11T02:28:44.812Z | capture_plist=<CI_ROOT_WIN>\native\captures\com.apple.iTunes.exp03-restart2.plist|106610|BC8681D2687A7B293D7EB3F2E826B3049A01E94D9501C6444CCD8A7D1B19F9CE
2026-09-11T02:28:44.813Z | DONE_SESSION tag=exp03-restart2
