libcount[prelaunch]=4
prefile iTunes Library Extras.itdb 16384
prefile iTunes Library Genius.itdb 32768
prefile iTunes Library.itl 4607
prefile sentinel 8
launched pid=856
sla_dialog_seen=False
audio_dialog_seen=True
main_window_ready=True
com_create=ok attempt=1
com[exp05b-restart2] version=12.13.11.1
com[exp05b-restart2] playlist_count=7
com[exp05b-restart2] library_track_count=1
com[exp05b-restart2] track idx=1 dbid=71 name=[exp05b-renamed-by-itlkit] artist=[exp05b artist] album=[exp05b album] kind=[WAV audio file] size=176444 dur=2
quit_wait_seconds=9
libcount[postquit]=4
postfile iTunes Library Extras.itdb 16384 62f4c31ccbf44f052ffb19c79b0b23bf93f8a6f2c436126546a153bcc159903a
postfile iTunes Library Genius.itdb 32768 7d056d5b2cb1128c5195c78361ac90b509a1377de37e8667333cfaaa4e4fe5d3
postfile iTunes Library.itl 4608 947a12d26d7ef26999fbec7305041aabb3ca083e63d58d0bc520d584cb1d4d1c
postfile sentinel 8 747822144bb0f4eb463080b4e45eccad7b89762b2ccaeddf278010774a620b75
DONE_SESSION tag=exp05b-restart2

